Component: ARM Compiler 5.05 update 1 (build 106) Tool: armlink [4d0efa]

==============================================================================

Section Cross References

    main.o(.text) refers to _printf_pad.o(.text) for _printf_pre_padding
    main.o(.text) refers to _printf_percent.o(.ARM.Collect$$_printf_percent$$00000000) for _printf_percent
    main.o(.text) refers to _printf_x.o(.ARM.Collect$$_printf_percent$$0000000C) for _printf_x
    main.o(.text) refers to _printf_hex_int.o(.text) for _printf_longlong_hex
    main.o(.text) refers to _printf_d.o(.ARM.Collect$$_printf_percent$$00000009) for _printf_d
    main.o(.text) refers to _printf_dec.o(.text) for _printf_int_dec
    main.o(.text) refers to _printf_c.o(.ARM.Collect$$_printf_percent$$00000013) for _printf_c
    main.o(.text) refers to _printf_str.o(.text) for _printf_str
    main.o(.text) refers to _printf_s.o(.ARM.Collect$$_printf_percent$$00000014) for _printf_s
    main.o(.text) refers to rt_memclr_w.o(.text) for __aeabi_memclr4
    main.o(.text) refers to oled.o(.text) for OLED_Init
    main.o(.text) refers to noretval__2printf.o(.text) for __2printf
    main.o(.text) refers to stm32f4xx_rtc.o(.text) for RTC_GetTime
    main.o(.text) refers to noretval__2sprintf.o(.text) for __2sprintf
    main.o(.text) refers to delay.o(.text) for delay_ms
    main.o(.text) refers to os_mutex.o(.text) for OSMutexPend
    main.o(.text) refers to flash.o(.text) for check_flash
    main.o(.text) refers to os_q.o(.text) for OSQPend
    main.o(.text) refers to keyboard.o(.text) for key_init
    main.o(.text) refers to beep.o(.text) for tim4_set_duty
    main.o(.text) refers to strcmpv7m.o(.text) for strcmp
    main.o(.text) refers to mfrc522.o(.text) for MFRC522_Initializtion
    main.o(.text) refers to dht11.o(.text) for dht11_init
    main.o(.text) refers to ble.o(.text) for usart3_send_str
    main.o(.text) refers to os_flag.o(.text) for OSFlagPend
    main.o(.text) refers to strstr.o(.text) for strstr
    main.o(.text) refers to rtc.o(.text) for changeTime
    main.o(.text) refers to strtok.o(.text) for strtok
    main.o(.text) refers to main.o(.data) for .data
    main.o(.text) refers to main.o(.bss) for .bss
    main.o(.text) refers to main.o(.conststring) for .conststring
    main.o(.text) refers to rt_memclr.o(.text) for __aeabi_memclr
    main.o(.text) refers to misc.o(.text) for NVIC_PriorityGroupConfig
    main.o(.text) refers to usart.o(.text) for usart_init
    main.o(.text) refers to led.o(.text) for LED_Init
    main.o(.text) refers to os_core.o(.text) for OSInit
    main.o(.text) refers to os_task.o(.text) for OSTaskCreate
    system_stm32f4xx.o(.text) refers to system_stm32f4xx.o(.data) for .data
    dht11.o(.text) refers to stm32f4xx_rcc.o(.text) for RCC_AHB1PeriphClockCmd
    dht11.o(.text) refers to stm32f4xx_gpio.o(.text) for GPIO_Init
    dht11.o(.text) refers to delay.o(.text) for delay_ms
    dht11.o(.text) refers to dht11.o(.data) for .data
    led.o(.text) refers to stm32f4xx_rcc.o(.text) for RCC_AHB1PeriphClockCmd
    led.o(.text) refers to stm32f4xx_gpio.o(.text) for GPIO_Init
    ble.o(.text) refers to stm32f4xx_usart.o(.text) for USART_SendData
    ble.o(.text) refers to stm32f4xx_rcc.o(.text) for RCC_APB1PeriphClockCmd
    ble.o(.text) refers to stm32f4xx_gpio.o(.text) for GPIO_Init
    ble.o(.text) refers to misc.o(.text) for NVIC_Init
    ble.o(.text) refers to os_core.o(.text) for OSIntEnter
    ble.o(.text) refers to os_q.o(.text) for OSQPost
    ble.o(.text) refers to ble.o(.data) for .data
    ble.o(.text) refers to ble.o(.bss) for .bss
    ble.o(.text) refers to main.o(.bss) for g_queue
    mfrc522.o(.text) refers to stm32f4xx_rcc.o(.text) for RCC_AHB1PeriphClockCmd
    mfrc522.o(.text) refers to stm32f4xx_gpio.o(.text) for GPIO_Init
    mfrc522.o(.text) refers to delay.o(.text) for delay_us
    mfrc522.o(.text) refers to mfrc522.o(.data) for .data
    beep.o(.text) refers to stm32f4xx_rcc.o(.text) for RCC_AHB1PeriphClockCmd
    beep.o(.text) refers to stm32f4xx_gpio.o(.text) for GPIO_Init
    beep.o(.text) refers to stm32f4xx_tim.o(.text) for TIM_TimeBaseInit
    beep.o(.text) refers to beep.o(.data) for .data
    beep.o(.text) refers to beep.o(.bss) for .bss
    keyboard.o(.text) refers to stm32f4xx_rcc.o(.text) for RCC_AHB1PeriphClockCmd
    keyboard.o(.text) refers to stm32f4xx_gpio.o(.text) for GPIO_Init
    keyboard.o(.text) refers to keyboard.o(.data) for .data
    oled.o(.text) refers to stm32f4xx_gpio.o(.text) for GPIO_Init
    oled.o(.text) refers to delay.o(.text) for delay_us
    oled.o(.text) refers to oled.o(.data) for .data
    oled.o(.text) refers to oled.o(.constdata) for .constdata
    oled.o(.text) refers to noretval__2printf.o(.text) for __2printf
    oled.o(.text) refers to stm32f4xx_rcc.o(.text) for RCC_AHB1PeriphClockCmd
    startup_stm32f40_41xxx.o(STACK) refers (Special) to heapauxi.o(.text) for __use_two_region_memory
[...]
    TIM_OC3PolarityConfig                    0x08002d73   Thumb Code    20  stm32f4xx_tim.o(.text)
    TIM_OC3NPolarityConfig                   0x08002d87   Thumb Code    20  stm32f4xx_tim.o(.text)
    TIM_OC4PolarityConfig                    0x08002d9b   Thumb Code    20  stm32f4xx_tim.o(.text)
    TIM_CCxCmd                               0x08002daf   Thumb Code    22  stm32f4xx_tim.o(.text)
    TIM_CCxNCmd                              0x08002dc5   Thumb Code    22  stm32f4xx_tim.o(.text)
    TIM_SetIC4Prescaler                      0x08002ddb   Thumb Code    24  stm32f4xx_tim.o(.text)
    TIM_SetIC3Prescaler                      0x08002df3   Thumb Code    16  stm32f4xx_tim.o(.text)
    TIM_SetIC2Prescaler                      0x08002e03   Thumb Code    24  stm32f4xx_tim.o(.text)
    TIM_SetIC1Prescaler                      0x08002e51   Thumb Code    16  stm32f4xx_tim.o(.text)
    TIM_ICInit                               0x08002e61   Thumb Code   164  stm32f4xx_tim.o(.text)
    TIM_ICStructInit                         0x08002f05   Thumb Code    16  stm32f4xx_tim.o(.text)
    TIM_PWMIConfig                           0x08002f15   Thumb Code   104  stm32f4xx_tim.o(.text)
    TIM_GetCapture1                          0x08002f7d   Thumb Code     4  stm32f4xx_tim.o(.text)
    TIM_GetCapture2                          0x08002f81   Thumb Code     4  stm32f4xx_tim.o(.text)
    TIM_GetCapture3                          0x08002f85   Thumb Code     4  stm32f4xx_tim.o(.text)
    TIM_GetCapture4                          0x08002f89   Thumb Code     4  stm32f4xx_tim.o(.text)
    TIM_BDTRConfig                           0x08002f8d   Thumb Code    34  stm32f4xx_tim.o(.text)
    TIM_BDTRStructInit                       0x08002faf   Thumb Code    18  stm32f4xx_tim.o(.text)
    TIM_CtrlPWMOutputs                       0x08002fc1   Thumb Code    22  stm32f4xx_tim.o(.text)
    TIM_SelectCOM                            0x08002fd7   Thumb Code    20  stm32f4xx_tim.o(.text)
    TIM_CCPreloadControl                     0x08002feb   Thumb Code    20  stm32f4xx_tim.o(.text)
    TIM_ITConfig                             0x08002fff   Thumb Code    16  stm32f4xx_tim.o(.text)
    TIM_GenerateEvent                        0x0800300f   Thumb Code     4  stm32f4xx_tim.o(.text)
    TIM_GetFlagStatus                        0x08003013   Thumb Code    14  stm32f4xx_tim.o(.text)
    TIM_ClearFlag                            0x08003021   Thumb Code     6  stm32f4xx_tim.o(.text)
    TIM_GetITStatus                          0x08003027   Thumb Code    24  stm32f4xx_tim.o(.text)
    TIM_ClearITPendingBit                    0x0800303f   Thumb Code     6  stm32f4xx_tim.o(.text)
    TIM_DMAConfig                            0x08003045   Thumb Code     8  stm32f4xx_tim.o(.text)
    TIM_DMACmd                               0x0800304d   Thumb Code    16  stm32f4xx_tim.o(.text)
    TIM_SelectCCDMA                          0x0800305d   Thumb Code    20  stm32f4xx_tim.o(.text)
    TIM_InternalClockConfig                  0x08003071   Thumb Code    10  stm32f4xx_tim.o(.text)
    TIM_SelectInputTrigger                   0x0800307b   Thumb Code    12  stm32f4xx_tim.o(.text)
    TIM_ITRxExternalClockConfig              0x08003087   Thumb Code    18  stm32f4xx_tim.o(.text)
    TIM_TIxExternalClockConfig               0x08003099   Thumb Code    46  stm32f4xx_tim.o(.text)
    TIM_ETRConfig                            0x080030c7   Thumb Code    24  stm32f4xx_tim.o(.text)
    TIM_ETRClockMode1Config                  0x080030df   Thumb Code    18  stm32f4xx_tim.o(.text)
    TIM_ETRClockMode2Config                  0x080030f1   Thumb Code    18  stm32f4xx_tim.o(.text)
    TIM_SelectOutputTrigger                  0x08003103   Thumb Code    16  stm32f4xx_tim.o(.text)
    TIM_SelectSlaveMode                      0x08003113   Thumb Code    16  stm32f4xx_tim.o(.text)
    TIM_SelectMasterSlaveMode                0x08003123   Thumb Code    16  stm32f4xx_tim.o(.text)
    TIM_EncoderInterfaceConfig               0x08003133   Thumb Code    50  stm32f4xx_tim.o(.text)
    TIM_SelectHallSensor                     0x08003165   Thumb Code    20  stm32f4xx_tim.o(.text)
    TIM_RemapConfig                          0x08003179   Thumb Code     6  stm32f4xx_tim.o(.text)
    RTC_WaitForSynchro                       0x080031ad   Thumb Code    70  stm32f4xx_rtc.o(.text)
    RTC_EnterInitMode                        0x080031f3   Thumb Code    58  stm32f4xx_rtc.o(.text)
    RTC_DeInit                               0x0800322d   Thumb Code   168  stm32f4xx_rtc.o(.text)
    RTC_ExitInitMode                         0x080032d5   Thumb Code    14  stm32f4xx_rtc.o(.text)
    RTC_Init                                 0x080032e3   Thumb Code    74  stm32f4xx_rtc.o(.text)
    RTC_StructInit                           0x0800332d   Thumb Code    14  stm32f4xx_rtc.o(.text)
    RTC_WriteProtectionCmd                   0x0800333b   Thumb Code    18  stm32f4xx_rtc.o(.text)
    RTC_RefClockCmd                          0x0800334d   Thumb Code    56  stm32f4xx_rtc.o(.text)
    RTC_BypassShadowCmd                      0x08003385   Thumb Code    38  stm32f4xx_rtc.o(.text)
    RTC_SetTime                              0x080033ab   Thumb Code   148  stm32f4xx_rtc.o(.text)
    RTC_TimeStructInit                       0x0800343f   Thumb Code    12  stm32f4xx_rtc.o(.text)
    RTC_GetTime                              0x0800344b   Thumb Code    70  stm32f4xx_rtc.o(.text)
    RTC_GetSubSecond                         0x08003491   Thumb Code    14  stm32f4xx_rtc.o(.text)
    RTC_SetDate                              0x0800349f   Thumb Code   142  stm32f4xx_rtc.o(.text)
    RTC_DateStructInit                       0x0800352d   Thumb Code    14  stm32f4xx_rtc.o(.text)
    RTC_GetDate                              0x0800353b   Thumb Code    66  stm32f4xx_rtc.o(.text)
    RTC_SetAlarm                             0x0800357d   Thumb Code   184  stm32f4xx_rtc.o(.text)
    RTC_AlarmStructInit                      0x08003635   Thumb Code    20  stm32f4xx_rtc.o(.text)
    RTC_GetAlarm                             0x08003649   Thumb Code   104  stm32f4xx_rtc.o(.text)
    RTC_AlarmCmd                             0x080036b1   Thumb Code    78  stm32f4xx_rtc.o(.text)
    RTC_AlarmSubSecondConfig                 0x080036ff   Thumb Code    38  stm32f4xx_rtc.o(.text)
    RTC_GetAlarmSubSecond                    0x08003725   Thumb Code    24  stm32f4xx_rtc.o(.text)
    RTC_WakeUpClockConfig                    0x0800373d   Thumb Code    34  stm32f4xx_rtc.o(.text)
    RTC_SetWakeUpCounter                     0x0800375f   Thumb Code    22  stm32f4xx_rtc.o(.text)
    RTC_GetWakeUpCounter                     0x08003775   Thumb Code    10  stm32f4xx_rtc.o(.text)
    RTC_WakeUpCmd                            0x0800377f   Thumb Code    84  stm32f4xx_rtc.o(.text)
    RTC_DayLightSavingConfig                 0x080037d3   Thumb Code    38  stm32f4xx_rtc.o(.text)
    RTC_GetStoreOperation                    0x080037f9   Thumb Code    12  stm32f4xx_rtc.o(.text)
    RTC_OutputConfig                         0x08003805   Thumb Code    38  stm32f4xx_rtc.o(.text)
    RTC_CoarseCalibConfig                    0x0800382b   Thumb Code    46  stm32f4xx_rtc.o(.text)
    RTC_CoarseCalibCmd                       0x08003859   Thumb Code    56  stm32f4xx_rtc.o(.text)
    RTC_CalibOutputCmd                       0x08003891   Thumb Code    38  stm32f4xx_rtc.o(.text)
    RTC_CalibOutputConfig                    0x080038b7   Thumb Code    34  stm32f4xx_rtc.o(.text)
    RTC_SmoothCalibConfig                    0x080038d9   Thumb Code    70  stm32f4xx_rtc.o(.text)
    RTC_TimeStampCmd                         0x0800391f   Thumb Code    42  stm32f4xx_rtc.o(.text)
    RTC_GetTimeStamp                         0x08003949   Thumb Code   130  stm32f4xx_rtc.o(.text)
    RTC_GetTimeStampSubSecond                0x080039cb   Thumb Code     8  stm32f4xx_rtc.o(.text)
    RTC_TamperTriggerConfig                  0x080039d3   Thumb Code    24  stm32f4xx_rtc.o(.text)
    RTC_TamperCmd                            0x080039eb   Thumb Code    28  stm32f4xx_rtc.o(.text)
    RTC_TamperFilterConfig                   0x08003a07   Thumb Code    18  stm32f4xx_rtc.o(.text)
    RTC_TamperSamplingFreqConfig             0x08003a19   Thumb Code    18  stm32f4xx_rtc.o(.text)
    RTC_TamperPinsPrechargeDuration          0x08003a2b   Thumb Code    18  stm32f4xx_rtc.o(.text)
    RTC_TimeStampOnTamperDetectionCmd        0x08003a3d   Thumb Code    22  stm32f4xx_rtc.o(.text)
    RTC_TamperPullUpCmd                      0x08003a53   Thumb Code    22  stm32f4xx_rtc.o(.text)
    RTC_WriteBackupRegister                  0x08003a69   Thumb Code    16  stm32f4xx_rtc.o(.text)
    RTC_ReadBackupRegister                   0x08003a79   Thumb Code    16  stm32f4xx_rtc.o(.text)
    RTC_TamperPinSelection                   0x08003a89   Thumb Code    18  stm32f4xx_rtc.o(.text)
    RTC_TimeStampPinSelection                0x08003a9b   Thumb Code    18  stm32f4xx_rtc.o(.text)
    RTC_OutputTypeConfig                     0x08003aad   Thumb Code    18  stm32f4xx_rtc.o(.text)
    RTC_SynchroShiftConfig                   0x08003abf   Thumb Code    84  stm32f4xx_rtc.o(.text)
    RTC_ITConfig                             0x08003b13   Thumb Code    60  stm32f4xx_rtc.o(.text)
    RTC_GetFlagStatus                        0x08003b4f   Thumb Code    22  stm32f4xx_rtc.o(.text)
    RTC_ClearFlag                            0x08003b65   Thumb Code    24  stm32f4xx_rtc.o(.text)
    RTC_GetITStatus                          0x08003b7d   Thumb Code    46  stm32f4xx_rtc.o(.text)
    RTC_ClearITPendingBit                    0x08003bab   Thumb Code    24  stm32f4xx_rtc.o(.text)
    PWR_DeInit                               0x08003bf9   Thumb Code    24  stm32f4xx_pwr.o(.text)
    PWR_BackupAccessCmd                      0x08003c11   Thumb Code     6  stm32f4xx_pwr.o(.text)
    PWR_PVDLevelConfig                       0x08003c17   Thumb Code    14  stm32f4xx_pwr.o(.text)
    PWR_PVDCmd                               0x08003c25   Thumb Code     6  stm32f4xx_pwr.o(.text)
    PWR_WakeUpPinCmd                         0x08003c2b   Thumb Code     8  stm32f4xx_pwr.o(.text)
    PWR_BackupRegulatorCmd                   0x08003c33   Thumb Code     8  stm32f4xx_pwr.o(.text)
    PWR_MainRegulatorModeConfig              0x08003c3b   Thumb Code    14  stm32f4xx_pwr.o(.text)
    PWR_OverDriveCmd                         0x08003c49   Thumb Code     6  stm32f4xx_pwr.o(.text)
    PWR_OverDriveSWCmd                       0x08003c4f   Thumb Code     6  stm32f4xx_pwr.o(.text)
    PWR_UnderDriveCmd                        0x08003c55   Thumb Code    22  stm32f4xx_pwr.o(.text)
    PWR_MainRegulatorLowVoltageCmd           0x08003c6b   Thumb Code    10  stm32f4xx_pwr.o(.text)
    PWR_LowRegulatorLowVoltageCmd            0x08003c75   Thumb Code    10  stm32f4xx_pwr.o(.text)
    PWR_FlashPowerDownCmd                    0x08003c7f   Thumb Code     6  stm32f4xx_pwr.o(.text)
    PWR_EnterSTOPMode                        0x08003c85   Thumb Code    46  stm32f4xx_pwr.o(.text)
    PWR_EnterUnderDriveSTOPMode              0x08003cb3   Thumb Code    46  stm32f4xx_pwr.o(.text)
    PWR_EnterSTANDBYMode                     0x08003ce1   Thumb Code    24  stm32f4xx_pwr.o(.text)
    PWR_GetFlagStatus                        0x08003cf9   Thumb Code    16  stm32f4xx_pwr.o(.text)
    PWR_ClearFlag                            0x08003d09   Thumb Code    12  stm32f4xx_pwr.o(.text)
    EXTI_DeInit                              0x08003d21   Thumb Code    28  stm32f4xx_exti.o(.text)
    EXTI_Init                                0x08003d3d   Thumb Code   108  stm32f4xx_exti.o(.text)
    EXTI_StructInit                          0x08003da9   Thumb Code    14  stm32f4xx_exti.o(.text)
    EXTI_GenerateSWInterrupt                 0x08003db7   Thumb Code    12  stm32f4xx_exti.o(.text)
    EXTI_GetFlagStatus                       0x08003dc3   Thumb Code    18  stm32f4xx_exti.o(.text)
    EXTI_ClearFlag                           0x08003dd5   Thumb Code     8  stm32f4xx_exti.o(.text)
    EXTI_GetITStatus                         0x08003ddd   Thumb Code    18  stm32f4xx_exti.o(.text)
    EXTI_ClearITPendingBit                   0x08003def   Thumb Code     8  stm32f4xx_exti.o(.text)
    FLASH_SetLatency                         0x08003e01   Thumb Code     6  stm32f4xx_flash.o(.text)
    FLASH_PrefetchBufferCmd                  0x08003e07   Thumb Code    22  stm32f4xx_flash.o(.text)
    FLASH_InstructionCacheCmd                0x08003e1d   Thumb Code    22  stm32f4xx_flash.o(.text)
    FLASH_DataCacheCmd                       0x08003e33   Thumb Code    22  stm32f4xx_flash.o(.text)
    FLASH_InstructionCacheReset              0x08003e49   Thumb Code    12  stm32f4xx_flash.o(.text)
    FLASH_DataCacheReset                     0x08003e55   Thumb Code    12  stm32f4xx_flash.o(.text)
    FLASH_Unlock                             0x08003e61   Thumb Code    24  stm32f4xx_flash.o(.text)
    FLASH_Lock                               0x08003e79   Thumb Code    14  stm32f4xx_flash.o(.text)
    FLASH_GetStatus                          0x08003e87   Thumb Code    58  stm32f4xx_flash.o(.text)
    FLASH_WaitForLastOperation               0x08003ec1   Thumb Code    30  stm32f4xx_flash.o(.text)
    FLASH_EraseSector                        0x08003edf   Thumb Code   106  stm32f4xx_flash.o(.text)
    FLASH_EraseAllSectors                    0x08003f49   Thumb Code    88  stm32f4xx_flash.o(.text)
    FLASH_EraseAllBank1Sectors               0x08003fa1   Thumb Code    88  stm32f4xx_flash.o(.text)
    FLASH_EraseAllBank2Sectors               0x08003ff9   Thumb Code    88  stm32f4xx_flash.o(.text)
    FLASH_ProgramDoubleWord                  0x08004051   Thumb Code    62  stm32f4xx_flash.o(.text)
    FLASH_ProgramWord                        0x0800408f   Thumb Code    58  stm32f4xx_flash.o(.text)
    FLASH_ProgramHalfWord                    0x080040c9   Thumb Code    58  stm32f4xx_flash.o(.text)
    FLASH_ProgramByte                        0x08004103   Thumb Code    54  stm32f4xx_flash.o(.text)
    FLASH_OB_Unlock                          0x08004139   Thumb Code    24  stm32f4xx_flash.o(.text)
    FLASH_OB_Lock                            0x08004151   Thumb Code    14  stm32f4xx_flash.o(.text)
    FLASH_OB_WRPConfig                       0x0800415f   Thumb Code    32  stm32f4xx_flash.o(.text)
    FLASH_OB_WRP1Config                      0x0800417f   Thumb Code    32  stm32f4xx_flash.o(.text)
    FLASH_OB_PCROPSelectionConfig            0x0800419f   Thumb Code    16  stm32f4xx_flash.o(.text)
    FLASH_OB_PCROPConfig                     0x080041af   Thumb Code    32  stm32f4xx_flash.o(.text)
    FLASH_OB_PCROP1Config                    0x080041cf   Thumb Code    52  stm32f4xx_flash.o(.text)
    FLASH_OB_RDPConfig                       0x08004203   Thumb Code    18  stm32f4xx_flash.o(.text)
    FLASH_OB_UserConfig                      0x08004215   Thumb Code    36  stm32f4xx_flash.o(.text)
    FLASH_OB_BootConfig                      0x08004239   Thumb Code    20  stm32f4xx_flash.o(.text)
    FLASH_OB_BORConfig                       0x0800424d   Thumb Code    20  stm32f4xx_flash.o(.text)
    FLASH_OB_Launch                          0x08004261   Thumb Code    14  stm32f4xx_flash.o(.text)
    FLASH_OB_GetUser                         0x0800426f   Thumb Code    12  stm32f4xx_flash.o(.text)
    FLASH_OB_GetWRP                          0x0800427b   Thumb Code     8  stm32f4xx_flash.o(.text)
    FLASH_OB_GetWRP1                         0x08004283   Thumb Code     8  stm32f4xx_flash.o(.text)
    FLASH_OB_GetPCROP                        0x0800428b   Thumb Code     8  stm32f4xx_flash.o(.text)
    FLASH_OB_GetPCROP1                       0x08004293   Thumb Code     8  stm32f4xx_flash.o(.text)
    FLASH_OB_GetRDP                          0x0800429b   Thumb Code    14  stm32f4xx_flash.o(.text)
    FLASH_OB_GetBOR                          0x080042a9   Thumb Code    12  stm32f4xx_flash.o(.text)
    FLASH_ITConfig                           0x080042b5   Thumb Code    20  stm32f4xx_flash.o(.text)
    FLASH_GetFlagStatus                      0x080042c9   Thumb Code    18  stm32f4xx_flash.o(.text)
    FLASH_ClearFlag                          0x080042db   Thumb Code     8  stm32f4xx_flash.o(.text)
    SysTick_Handler                          0x080042e9   Thumb Code    28  delay.o(.text)
    systick_init                             0x08004305   Thumb Code    76  delay.o(.text)
    delay_us                                 0x08004351   Thumb Code    62  delay.o(.text)
    delay_ms                                 0x0800438f   Thumb Code    58  delay.o(.text)
    _sys_exit                                0x080043e5   Thumb Code     2  usart.o(.text)
    fputc                                    0x080043e7   Thumb Code    14  usart.o(.text)
    usart_init                               0x080043f5   Thumb Code   172  usart.o(.text)
    USART1_IRQHandler                        0x080044a1   Thumb Code    44  usart.o(.text)
    rtc_init                                 0x080044d5   Thumb Code   230  rtc.o(.text)
    rtc_cofig                                0x080045bb   Thumb Code    26  rtc.o(.text)
    RTC_WKUP_IRQHandler                      0x080045d5   Thumb Code    56  rtc.o(.text)
    DectoBCD                                 0x0800460d   Thumb Code    36  rtc.o(.text)
    changeTime                               0x08004631   Thumb Code   166  rtc.o(.text)
    flash_init                               0x080046f9   Thumb Code    34  flash.o(.text)
    info_init                                0x0800471b   Thumb Code    34  flash.o(.text)
    write_flash                              0x0800473d   Thumb Code    64  flash.o(.text)
    write_info                               0x0800477d   Thumb Code    68  flash.o(.text)
    get_flash_data                           0x080047c1   Thumb Code    28  flash.o(.text)
    get_info_data                            0x080047dd   Thumb Code    32  flash.o(.text)
    check_flash                              0x080047fd   Thumb Code   160  flash.o(.text)
    checkCard                                0x0800489d   Thumb Code    58  flash.o(.text)
    BSP_CPU_ClkFreq                          0x08004901   Thumb Code    14  bsp.o(.text)
    CPU_TS_TmrInit                           0x0800490f   Thumb Code    38  bsp.o(.text)
    CPU_TS_TmrRd                             0x08004935   Thumb Code     6  bsp.o(.text)
    CPU_TS32_to_uSec                         0x0800493b   Thumb Code    32  bsp.o(.text)
    CPU_NameClr                              0x08004969   Thumb Code    26  cpu_core.o(.text)
    CPU_Init                                 0x08004983   Thumb Code    18  cpu_core.o(.text)
    CPU_SW_Exception                         0x08004995   Thumb Code     2  cpu_core.o(.text)
    CPU_NameGet                              0x08004997   Thumb Code    46  cpu_core.o(.text)
    CPU_NameSet                              0x080049c5   Thumb Code    62  cpu_core.o(.text)
    CPU_TS_Get32                             0x08004a03   Thumb Code     4  cpu_core.o(.text)
    CPU_TS_Update                            0x08004a07   Thumb Code     2  cpu_core.o(.text)
    CPU_TS_TmrFreqGet                        0x08004a09   Thumb Code    24  cpu_core.o(.text)
    CPU_TS_TmrFreqSet                        0x08004a21   Thumb Code     6  cpu_core.o(.text)
    CPU_CntLeadZeros08                       0x08004a27   Thumb Code    10  cpu_core.o(.text)
    CPU_CntLeadZeros16                       0x08004a31   Thumb Code    10  cpu_core.o(.text)
    CPU_CntLeadZeros32                       0x08004a3b   Thumb Code     4  cpu_core.o(.text)
    CPU_CntLeadZeros64                       0x08004a3f   Thumb Code   152  cpu_core.o(.text)
    CPU_CntTrailZeros08                      0x08004ad7   Thumb Code    10  cpu_core.o(.text)
    CPU_CntTrailZeros16                      0x08004ae1   Thumb Code    10  cpu_core.o(.text)
    CPU_CntTrailZeros32                      0x08004aeb   Thumb Code    10  cpu_core.o(.text)
    CPU_CntTrailZeros64                      0x08004af5   Thumb Code    36  cpu_core.o(.text)
    CPU_IntDis                               0x08004b25   Thumb Code     0  cpu_a.o(.text)
    CPU_IntEn                                0x08004b29   Thumb Code     0  cpu_a.o(.text)
    CPU_SR_Save                              0x08004b2d   Thumb Code     0  cpu_a.o(.text)
    CPU_SR_Restore                           0x08004b35   Thumb Code     0  cpu_a.o(.text)
    CPU_WaitForInt                           0x08004b3b   Thumb Code     0  cpu_a.o(.text)
    CPU_WaitForExcept                        0x08004b3f   Thumb Code     0  cpu_a.o(.text)
    CPU_CntLeadZeros                         0x08004b43   Thumb Code     0  cpu_a.o(.text)
    CPU_CntTrailZeros                        0x08004b49   Thumb Code     0  cpu_a.o(.text)
    CPU_RevBits                              0x08004b53   Thumb Code     0  cpu_a.o(.text)
    ASCII_IsAlpha                            0x08004b59   Thumb Code    22  lib_ascii.o(.text)
    ASCII_IsAlphaNum                         0x08004b6f   Thumb Code    28  lib_ascii.o(.text)
    ASCII_IsLower                            0x08004b8b   Thumb Code    14  lib_ascii.o(.text)
    ASCII_IsUpper                            0x08004b99   Thumb Code    14  lib_ascii.o(.text)
    ASCII_IsDig                              0x08004ba7   Thumb Code    14  lib_ascii.o(.text)
    ASCII_IsDigOct                           0x08004bb5   Thumb Code    14  lib_ascii.o(.text)
    ASCII_IsDigHex                           0x08004bc3   Thumb Code    28  lib_ascii.o(.text)
    ASCII_IsBlank                            0x08004bdf   Thumb Code    16  lib_ascii.o(.text)
    ASCII_IsSpace                            0x08004bef   Thumb Code    32  lib_ascii.o(.text)
    ASCII_IsPrint                            0x08004c0f   Thumb Code    14  lib_ascii.o(.text)
    ASCII_IsGraph                            0x08004c1d   Thumb Code    14  lib_ascii.o(.text)
    ASCII_IsPunct                            0x08004c2b   Thumb Code    58  lib_ascii.o(.text)
    ASCII_IsCtrl                             0x08004c65   Thumb Code    22  lib_ascii.o(.text)
    ASCII_ToLower                            0x08004c7b   Thumb Code    14  lib_ascii.o(.text)
    ASCII_ToUpper                            0x08004c89   Thumb Code    14  lib_ascii.o(.text)
    ASCII_Cmp                                0x08004c97   Thumb Code    28  lib_ascii.o(.text)
    Mem_Init                                 0x08004cb5   Thumb Code    54  lib_mem.o(.text)
    Mem_Set                                  0x08004ceb   Thumb Code    62  lib_mem.o(.text)
    Mem_Clr                                  0x08004d29   Thumb Code     6  lib_mem.o(.text)
    Mem_Move                                 0x08004d2f   Thumb Code   116  lib_mem.o(.text)
    Mem_Cmp                                  0x08004da3   Thumb Code   126  lib_mem.o(.text)
    Mem_HeapAlloc                            0x08004e79   Thumb Code   114  lib_mem.o(.text)
    Mem_SegGetSizeRem                        0x08004eeb   Thumb Code    60  lib_mem.o(.text)
    Mem_HeapGetSizeRem                       0x08004f27   Thumb Code     8  lib_mem.o(.text)
    Mem_PoolClr                              0x08004f2f   Thumb Code    56  lib_mem.o(.text)
    Mem_PoolCreate                           0x08004f67   Thumb Code   582  lib_mem.o(.text)
    Mem_PoolBlkGetNbrAvail                   0x080051ad   Thumb Code    26  lib_mem.o(.text)
    Mem_PoolBlkGet                           0x080051c7   Thumb Code    68  lib_mem.o(.text)
    Mem_PoolBlkGetUsedAtIx                   0x0800520b   Thumb Code    62  lib_mem.o(.text)
    Mem_PoolBlkFree                          0x08005249   Thumb Code   100  lib_mem.o(.text)
    Mem_PoolBlkIxGet                         0x080052ad   Thumb Code   104  lib_mem.o(.text)
    Str_Len_N                                0x0800531d   Thumb Code    22  lib_str.o(.text)
    Str_Len                                  0x08005333   Thumb Code     6  lib_str.o(.text)
    Str_Copy_N                               0x08005339   Thumb Code    48  lib_str.o(.text)
    Str_Copy                                 0x08005369   Thumb Code     6  lib_str.o(.text)
    Str_Cat_N                                0x0800536f   Thumb Code    58  lib_str.o(.text)
    Str_Cat                                  0x080053a9   Thumb Code     6  lib_str.o(.text)
    Str_Cmp_N                                0x080053af   Thumb Code    86  lib_str.o(.text)
    Str_Cmp                                  0x08005405   Thumb Code     6  lib_str.o(.text)
    Str_CmpIgnoreCase_N                      0x0800540b   Thumb Code   146  lib_str.o(.text)
    Str_CmpIgnoreCase                        0x0800549d   Thumb Code     6  lib_str.o(.text)
    Str_Char_N                               0x080054a3   Thumb Code    46  lib_str.o(.text)
    Str_Char                                 0x080054d1   Thumb Code     8  lib_str.o(.text)
    Str_Char_Last_N                          0x080054d9   Thumb Code    44  lib_str.o(.text)
    Str_Char_Last                            0x08005505   Thumb Code     8  lib_str.o(.text)
    Str_Char_Replace_N                       0x0800550d   Thumb Code    40  lib_str.o(.text)
    Str_Char_Replace                         0x08005535   Thumb Code     6  lib_str.o(.text)
    Str_Str_N                                0x0800553b   Thumb Code   120  lib_str.o(.text)
    Str_Str                                  0x080055b3   Thumb Code     6  lib_str.o(.text)
    Str_FmtNbr_Int32U                        0x08005711   Thumb Code    24  lib_str.o(.text)
    Str_FmtNbr_Int32S                        0x08005729   Thumb Code    40  lib_str.o(.text)
    Str_ParseNbr_Int32U                      0x0800588b   Thumb Code    12  lib_str.o(.text)
    Str_ParseNbr_Int32S                      0x08005897   Thumb Code    42  lib_str.o(.text)
    Mem_Copy                                 0x080058c5   Thumb Code     0  lib_mem_a.o(.text)
    OSCfg_Init                               0x08005ae5   Thumb Code     2  os_cfg_app.o(.text)
    OS_IdleTask                              0x08005ae9   Thumb Code    22  os_core.o(.text)
    OS_IdleTaskInit                          0x08005aff   Thumb Code    62  os_core.o(.text)
    OS_RdyListInit                           0x08005b3d   Thumb Code    30  os_core.o(.text)
    OSInit                                   0x08005b5b   Thumb Code   260  os_core.o(.text)
    OSIntEnter                               0x08005c5f   Thumb Code    22  os_core.o(.text)
    OSIntExit                                0x08005c75   Thumb Code   100  os_core.o(.text)
    OSSched                                  0x08005cd9   Thumb Code    86  os_core.o(.text)
    OS_SchedLockTimeMeasStart                0x08005d2f   Thumb Code    20  os_core.o(.text)
    OSSchedLock                              0x08005d43   Thumb Code    72  os_core.o(.text)
    OS_SchedLockTimeMeasStop                 0x08005d8b   Thumb Code    42  os_core.o(.text)
    OSSchedUnlock                            0x08005db5   Thumb Code    92  os_core.o(.text)
    OSStart                                  0x08005e11   Thumb Code    62  os_core.o(.text)
    OSVersion                                0x08005e4f   Thumb Code    10  os_core.o(.text)
    OS_PendDbgNameAdd                        0x08005e59   Thumb Code    46  os_core.o(.text)
    OS_PendListInsertPrio                    0x08005e87   Thumb Code   252  os_core.o(.text)
    OS_PendDataInit                          0x08005f83   Thumb Code    48  os_core.o(.text)
    OS_RdyListRemove                         0x08005fb3   Thumb Code    78  os_core.o(.text)
    OS_TaskBlock                             0x08006001   Thumb Code    42  os_core.o(.text)
    OS_Pend                                  0x0800602b   Thumb Code    72  os_core.o(.text)
    OS_PendListRemove1                       0x08006073   Thumb Code    54  os_core.o(.text)
    OS_PendListRemove                        0x080060a9   Thumb Code    38  os_core.o(.text)
    OS_PendAbort1                            0x080060cf   Thumb Code    32  os_core.o(.text)
    OS_RdyListInsertHead                     0x080060ef   Thumb Code    52  os_core.o(.text)
    OS_RdyListInsertTail                     0x08006123   Thumb Code    48  os_core.o(.text)
    OS_RdyListInsert                         0x08006153   Thumb Code    38  os_core.o(.text)
    OS_TaskRdy                               0x08006179   Thumb Code    26  os_core.o(.text)
    OS_PendAbort                             0x08006193   Thumb Code   136  os_core.o(.text)
    OS_PendDbgNameRemove                     0x0800621b   Thumb Code    22  os_core.o(.text)
    OS_PendListChangePrio                    0x08006231   Thumb Code    50  os_core.o(.text)
    OS_PendListInit                          0x08006263   Thumb Code    10  os_core.o(.text)
    OS_PendListInsertHead                    0x0800626d   Thumb Code    32  os_core.o(.text)
    OS_PendObjDel1                           0x0800628d   Thumb Code    32  os_core.o(.text)
    OS_PendObjDel                            0x080062ad   Thumb Code   126  os_core.o(.text)
    OS_Post1                                 0x0800632b   Thumb Code    38  os_core.o(.text)
    OS_Post                                  0x08006351   Thumb Code   170  os_core.o(.text)
    OS_RdyListMoveHeadToTail                 0x080063fb   Thumb Code    52  os_core.o(.text)
    OS_Sched0                                0x0800642f   Thumb Code    50  os_core.o(.text)
    OS_Dbg_Init                              0x08006471   Thumb Code     2  os_dbg.o(.text)
    OS_FlagDbgListAdd                        0x08006475   Thumb Code    26  os_flag.o(.text)
    OSFlagCreate                             0x0800648f   Thumb Code   104  os_flag.o(.text)
    OS_FlagClr                               0x080064f7   Thumb Code    16  os_flag.o(.text)
    OS_FlagDbgListRemove                     0x08006507   Thumb Code    36  os_flag.o(.text)
    OSFlagDel                                0x0800652b   Thumb Code   344  os_flag.o(.text)
    OS_FlagBlock                             0x08006683   Thumb Code    28  os_flag.o(.text)
    OSFlagPend                               0x0800669f   Thumb Code   584  os_flag.o(.text)
    OSFlagPendAbort                          0x080068e7   Thumb Code   196  os_flag.o(.text)
    OSFlagPendGetFlagsRdy                    0x080069ab   Thumb Code    44  os_flag.o(.text)
    OS_FlagTaskRdy                           0x080069d7   Thumb Code    68  os_flag.o(.text)
    OS_FlagPost                              0x08006a1b   Thumb Code   294  os_flag.o(.text)
    OSFlagPost                               0x08006b41   Thumb Code   114  os_flag.o(.text)
    OS_FlagInit                              0x08006bb3   Thumb Code    14  os_flag.o(.text)
    OS_IntQPost                              0x08006bdd   Thumb Code   138  os_int.o(.text)
    OS_IntQRePost                            0x08006c67   Thumb Code   202  os_int.o(.text)
    OS_IntQTask                              0x08006d31   Thumb Code   106  os_int.o(.text)
    OS_IntQTaskInit                          0x08006d9b   Thumb Code   194  os_int.o(.text)
    OS_MemDbgListAdd                         0x08006eed   Thumb Code    22  os_mem.o(.text)
    OSMemCreate                              0x08006f03   Thumb Code   186  os_mem.o(.text)
    OSMemGet                                 0x08006fbd   Thumb Code    60  os_mem.o(.text)
    OSMemPut                                 0x08006ff9   Thumb Code    70  os_mem.o(.text)
    OS_MemInit                               0x0800703f   Thumb Code    14  os_mem.o(.text)
    OS_MsgPoolCreate                         0x08007061   Thumb Code    48  os_msg.o(.text)
    OS_MsgPoolInit                           0x08007091   Thumb Code    58  os_msg.o(.text)
    OS_MsgQFreeAll                           0x080070cb   Thumb Code    48  os_msg.o(.text)
    OS_MsgQInit                              0x080070fb   Thumb Code    14  os_msg.o(.text)
    OS_MsgQGet                               0x08007109   Thumb Code    82  os_msg.o(.text)
    OS_MsgQPut                               0x0800715b   Thumb Code   128  os_msg.o(.text)
    OS_MutexDbgListAdd                       0x080071e9   Thumb Code    26  os_mutex.o(.text)
    OSMutexCreate                            0x08007203   Thumb Code   112  os_mutex.o(.text)
    OS_MutexClr                              0x08007273   Thumb Code    24  os_mutex.o(.text)
    OS_MutexDbgListRemove                    0x0800728b   Thumb Code    36  os_mutex.o(.text)
    OSMutexDel                               0x080072af   Thumb Code   470  os_mutex.o(.text)
    OSMutexPend                              0x08007485   Thumb Code   490  os_mutex.o(.text)
    OSMutexPendAbort                         0x0800766f   Thumb Code   196  os_mutex.o(.text)
    OSMutexPost                              0x08007733   Thumb Code   364  os_mutex.o(.text)
    OS_MutexInit                             0x0800789f   Thumb Code    14  os_mutex.o(.text)
    OS_PrioInit                              0x080078cd   Thumb Code    18  os_prio.o(.text)
    OS_PrioGetHighest                        0x080078df   Thumb Code    32  os_prio.o(.text)
    OS_PrioInsert                            0x080078ff   Thumb Code    28  os_prio.o(.text)
    OS_PrioRemove                            0x0800791b   Thumb Code    28  os_prio.o(.text)
    OS_QDbgListAdd                           0x0800793d   Thumb Code    26  os_q.o(.text)
    OSQCreate                                0x08007957   Thumb Code   118  os_q.o(.text)
    OS_QClr                                  0x080079cd   Thumb Code    40  os_q.o(.text)
    OS_QDbgListRemove                        0x080079f5   Thumb Code    36  os_q.o(.text)
    OSQDel                                   0x08007a19   Thumb Code   256  os_q.o(.text)
    OSQFlush                                 0x08007b19   Thumb Code   116  os_q.o(.text)
    OSQPend                                  0x08007b8d   Thumb Code   344  os_q.o(.text)
    OSQPendAbort                             0x08007ce5   Thumb Code   236  os_q.o(.text)
    OS_QPost                                 0x08007dd1   Thumb Code   194  os_q.o(.text)
    OSQPost                                  0x08007e93   Thumb Code   146  os_q.o(.text)
    OS_QInit                                 0x08007f25   Thumb Code    14  os_q.o(.text)
    OS_SemDbgListAdd                         0x08007f4d   Thumb Code    26  os_sem.o(.text)
    OSSemCreate                              0x08007f67   Thumb Code   104  os_sem.o(.text)
    OS_SemClr                                0x08007fcf   Thumb Code    22  os_sem.o(.text)
    OS_SemDbgListRemove                      0x08007fe5   Thumb Code    36  os_sem.o(.text)
    OSSemDel                                 0x08008009   Thumb Code   256  os_sem.o(.text)
    OSSemPend                                0x08008109   Thumb Code   298  os_sem.o(.text)
    OSSemPendAbort                           0x08008233   Thumb Code   196  os_sem.o(.text)
    OS_SemPost                               0x080082f7   Thumb Code   202  os_sem.o(.text)
    OSSemPost                                0x080083c1   Thumb Code   114  os_sem.o(.text)
    OSSemSet                                 0x08008433   Thumb Code    78  os_sem.o(.text)
    OS_SemInit                               0x08008481   Thumb Code    14  os_sem.o(.text)
    OSTaskChangePrio                         0x080084a1   Thumb Code   240  os_task.o(.text)
    OS_TaskDbgListAdd                        0x08008591   Thumb Code    30  os_task.o(.text)
    OS_TaskInitTCB                           0x080085af   Thumb Code   180  os_task.o(.text)
    OSTaskCreate                             0x08008663   Thumb Code   384  os_task.o(.text)
    OS_TaskDbgListRemove                     0x080087e3   Thumb Code    50  os_task.o(.text)
    OSTaskDel                                0x08008815   Thumb Code   308  os_task.o(.text)
    OSTaskQFlush                             0x08008949   Thumb Code   106  os_task.o(.text)
    OSTaskQPend                              0x080089b3   Thumb Code   328  os_task.o(.text)
    OSTaskQPendAbort                         0x08008afb   Thumb Code   140  os_task.o(.text)
    OS_TaskQPost                             0x08008b87   Thumb Code   222  os_task.o(.text)
    OSTaskQPost                              0x08008c65   Thumb Code    96  os_task.o(.text)
    OSTaskRegGet                             0x08008cc5   Thumb Code    68  os_task.o(.text)
    OSTaskRegGetID                           0x08008d09   Thumb Code    42  os_task.o(.text)
    OSTaskRegSet                             0x08008d33   Thumb Code    40  os_task.o(.text)
    OS_TaskResume                            0x08008d5b   Thumb Code   184  os_task.o(.text)
    OSTaskResume                             0x08008e13   Thumb Code    78  os_task.o(.text)
    OSTaskSemPend                            0x08008e61   Thumb Code   300  os_task.o(.text)
    OSTaskSemPendAbort                       0x08008f8d   Thumb Code   148  os_task.o(.text)
    OS_TaskSemPost                           0x08009021   Thumb Code   284  os_task.o(.text)
    OSTaskSemPost                            0x0800913d   Thumb Code    78  os_task.o(.text)
    OSTaskSemSet                             0x0800918b   Thumb Code    52  os_task.o(.text)
    OSTaskStkChk                             0x080091bf   Thumb Code   136  os_task.o(.text)
    OS_TaskSuspend                           0x08009247   Thumb Code   158  os_task.o(.text)
    OSTaskSuspend                            0x080092e5   Thumb Code    64  os_task.o(.text)
    OS_TaskInit                              0x08009325   Thumb Code    18  os_task.o(.text)
    OS_TaskReturn                            0x08009337   Thumb Code    20  os_task.o(.text)
    OS_TickListRemove                        0x08009375   Thumb Code    54  os_tick.o(.text)
    OS_TickListUpdate                        0x080093ab   Thumb Code   304  os_tick.o(.text)
    OS_TickTask                              0x080094db   Thumb Code    36  os_tick.o(.text)
    OS_TickListInit                          0x080094ff   Thumb Code    34  os_tick.o(.text)
    OS_TickTaskInit                          0x08009521   Thumb Code   114  os_tick.o(.text)
    OS_TickListInsert                        0x08009593   Thumb Code   202  os_tick.o(.text)
    OS_TickListResetPeak                     0x0800965d   Thumb Code    30  os_tick.o(.text)
    OSTimeDly                                0x080096c5   Thumb Code   158  os_time.o(.text)
    OSTimeDlyHMSM                            0x08009763   Thumb Code   308  os_time.o(.text)
    OSTimeDlyResume                          0x08009897   Thumb Code   184  os_time.o(.text)
    OSTimeGet                                0x0800994f   Thumb Code    24  os_time.o(.text)
    OSTimeSet                                0x08009967   Thumb Code    24  os_time.o(.text)
    OSTimeTick                               0x0800997f   Thumb Code    52  os_time.o(.text)
    OS_TmrDbgListAdd                         0x080099d5   Thumb Code    22  os_tmr.o(.text)
    OSTmrCreate                              0x080099eb   Thumb Code   168  os_tmr.o(.text)
    OS_TmrClr                                0x08009a93   Thumb Code    34  os_tmr.o(.text)
    OS_TmrUnlink                             0x08009ab5   Thumb Code    68  os_tmr.o(.text)
    OS_TmrDbgListRemove                      0x08009af9   Thumb Code    36  os_tmr.o(.text)
    OSTmrDel                                 0x08009b1d   Thumb Code   134  os_tmr.o(.text)
    OSTmrRemainGet                           0x08009ba3   Thumb Code   140  os_tmr.o(.text)
    OS_TmrLink                               0x08009c2f   Thumb Code   140  os_tmr.o(.text)
    OSTmrStart                               0x08009cbb   Thumb Code   122  os_tmr.o(.text)
    OSTmrStateGet                            0x08009d35   Thumb Code    86  os_tmr.o(.text)
    OSTmrStop                                0x08009d8b   Thumb Code   226  os_tmr.o(.text)
    OS_TmrTask                               0x08009e6d   Thumb Code   164  os_tmr.o(.text)
    OS_TmrInit                               0x08009f11   Thumb Code   174  os_tmr.o(.text)
    OS_TmrResetPeak                          0x08009fbf   Thumb Code    30  os_tmr.o(.text)
    OSIdleTaskHook                           0x0800a031   Thumb Code    12  os_cpu_c.o(.text)
    OSInitHook                               0x0800a03d   Thumb Code    22  os_cpu_c.o(.text)
    OSStatTaskHook                           0x0800a053   Thumb Code    12  os_cpu_c.o(.text)
    OSTaskCreateHook                         0x0800a05f   Thumb Code    12  os_cpu_c.o(.text)
    OSTaskDelHook                            0x0800a06b   Thumb Code    12  os_cpu_c.o(.text)
    OSTaskReturnHook                         0x0800a077   Thumb Code    12  os_cpu_c.o(.text)
    OSTaskStkInit                            0x0800a083   Thumb Code   310  os_cpu_c.o(.text)
    OSTaskSwHook                             0x0800a1b9   Thumb Code    72  os_cpu_c.o(.text)
    OSTimeTickHook                           0x0800a201   Thumb Code    12  os_cpu_c.o(.text)
    OS_CPU_SysTickHandler                    0x0800a20d   Thumb Code    30  os_cpu_c.o(.text)
    OS_CPU_SysTickInit                       0x0800a22b   Thumb Code    36  os_cpu_c.o(.text)
    __use_no_semihosting                     0x0800a291   Thumb Code     2  use_no_semi_2.o(.text)
    __aeabi_uldivmod                         0x0800a293   Thumb Code     0  lludivv7m.o(.text)
    _ll_udiv                                 0x0800a293   Thumb Code   238  lludivv7m.o(.text)
    __2printf                                0x0800a381   Thumb Code    20  noretval__2printf.o(.text)
    __2sprintf                               0x0800a399   Thumb Code    34  noretval__2sprintf.o(.text)
    _printf_pre_padding                      0x0800a3c1   Thumb Code    44  _printf_pad.o(.text)
    _printf_post_padding                     0x0800a3ed   Thumb Code    34  _printf_pad.o(.text)
    _printf_str                              0x0800a40f   Thumb Code    82  _printf_str.o(.text)
    _printf_int_dec                          0x0800a461   Thumb Code   104  _printf_dec.o(.text)
    _printf_int_hex                          0x0800a4d9   Thumb Code    84  _printf_hex_int.o(.text)
    _printf_longlong_hex                     0x0800a4d9   Thumb Code     0  _printf_hex_int.o(.text)
    __printf                                 0x0800a531   Thumb Code   308  __printf_flags_wp.o(.text)
    atoi                                     0x0800a669   Thumb Code    26  atoi.o(.text)
    strtok                                   0x0800a685   Thumb Code     6  strtok.o(.text)
    strstr                                   0x0800a691   Thumb Code    36  strstr.o(.text)
    __aeabi_memclr                           0x0800a6b5   Thumb Code     0  rt_memclr.o(.text)
    __rt_memclr                              0x0800a6b5   Thumb Code    68  rt_memclr.o(.text)
    _memset                                  0x0800a6b9   Thumb Code     0  rt_memclr.o(.text)
    __aeabi_memclr4                          0x0800a6f9   Thumb Code     0  rt_memclr_w.o(.text)
    __aeabi_memclr8                          0x0800a6f9   Thumb Code     0  rt_memclr_w.o(.text)
    __rt_memclr_w                            0x0800a6f9   Thumb Code    78  rt_memclr_w.o(.text)
    _memset_w                                0x0800a6fd   Thumb Code     0  rt_memclr_w.o(.text)
    strcmp                                   0x0800a749   Thumb Code   128  strcmpv7m.o(.text)
    __use_two_region_memory                  0x0800a7c9   Thumb Code     2  heapauxi.o(.text)
    __rt_heap_escrow$2region                 0x0800a7cb   Thumb Code     2  heapauxi.o(.text)
    __rt_heap_expand$2region                 0x0800a7cd   Thumb Code     2  heapauxi.o(.text)
    __I$use$semihosting                      0x0800a7cf   Thumb Code     0  use_no_semi.o(.text)
    __use_no_semihosting_swi                 0x0800a7cf   Thumb Code     2  use_no_semi.o(.text)
    __aeabi_errno_addr                       0x0800a7d1   Thumb Code     8  rt_errno_addr_intlibspace.o(.text)
    __errno$intlibspace                      0x0800a7d1   Thumb Code     0  rt_errno_addr_intlibspace.o(.text)
    __rt_errno_addr$intlibspace              0x0800a7d1   Thumb Code     0  rt_errno_addr_intlibspace.o(.text)
    _printf_int_common                       0x0800a7d9   Thumb Code   178  _printf_intcommon.o(.text)
    _printf_char_common                      0x0800a897   Thumb Code    32  _printf_char_common.o(.text)
    _sputc                                   0x0800a8bd   Thumb Code    10  _sputc.o(.text)
    _printf_cs_common                        0x0800a8c7   Thumb Code    20  _printf_char.o(.text)
    _printf_char                             0x0800a8db   Thumb Code    16  _printf_char.o(.text)
    _printf_string                           0x0800a8eb   Thumb Code     8  _printf_char.o(.text)
    _printf_char_file                        0x0800a8f5   Thumb Code    32  _printf_char_file.o(.text)
    strtol                                   0x0800a919   Thumb Code   112  strtol.o(.text)
    __strtok_internal                        0x0800a989   Thumb Code    64  strtok_int.o(.text)
    __user_libspace                          0x0800a9cd   Thumb Code     8  libspace.o(.text)
    __user_perproc_libspace                  0x0800a9cd   Thumb Code     0  libspace.o(.text)
    __user_perthread_libspace                0x0800a9cd   Thumb Code     0  libspace.o(.text)
    __rt_ctype_table                         0x0800a9d5   Thumb Code    16  rt_ctype_table.o(.text)
    _strtoul                                 0x0800a9e5   Thumb Code   158  _strtoul.o(.text)
    ferror                                   0x0800aa83   Thumb Code     8  ferror.o(.text)
    strcspn                                  0x0800aa8b   Thumb Code    32  strcspn.o(.text)
    strspn                                   0x0800aaab   Thumb Code    28  strspn.o(.text)
    __user_setup_stackheap                   0x0800aac7   Thumb Code    74  sys_stackheap_outer.o(.text)
    __rt_locale                              0x0800ab11   Thumb Code     8  rt_locale_intlibspace.o(.text)
    _chval                                   0x0800ab19   Thumb Code    28  _chval.o(.text)
    exit                                     0x0800ab35   Thumb Code    12  exit.o(.text)
    OSStartHighRdy                           0x0800ab41   Thumb Code     0  os_cpu_a.o(CODE)
    OSCtxSw                                  0x0800ab63   Thumb Code     0  os_cpu_a.o(CODE)
    OSIntCtxSw                               0x0800ab6d   Thumb Code     0  os_cpu_a.o(CODE)
    PendSV_Handler                           0x0800ab77   Thumb Code     0  os_cpu_a.o(CODE)
    _is_digit                                0x0800abed   Thumb Code    14  __printf_wp.o(i._is_digit)
    _get_lc_ctype                            0x0800abfd   Thumb Code    44  lc_ctype_c.o(locale$$code)
    _fp_init                                 0x0800ac29   Thumb Code    10  fpinit.o(x$fpl$fpinit)
    __fplib_config_fpu_vfp                   0x0800ac31   Thumb Code     0  fpinit.o(x$fpl$fpinit)
    __fplib_config_pureend_doubles           0x0800ac31   Thumb Code     0  fpinit.o(x$fpl$fpinit)
    F6x8                                     0x0800ac32   Data         552  oled.o(.constdata)
    F8X16                                    0x0800ae5a   Data        1520  oled.o(.constdata)
    OSCfg_TickTaskPrio                       0x0800b5e0   Data           1  os_cfg_app.o(.constdata)
    OSCfg_TmrTaskPrio                        0x0800b5e1   Data           1  os_cfg_app.o(.constdata)
    OSCfg_IntQSize                           0x0800b5e2   Data           2  os_cfg_app.o(.constdata)
    OSCfg_MsgPoolSize                        0x0800b5e4   Data           2  os_cfg_app.o(.constdata)
    OSCfg_TickWheelSize                      0x0800b5e6   Data           2  os_cfg_app.o(.constdata)
    OSCfg_TmrWheelSize                       0x0800b5e8   Data           2  os_cfg_app.o(.constdata)
    OSCfg_IdleTaskStkBasePtr                 0x0800b5ec   Data           4  os_cfg_app.o(.constdata)
    OSCfg_IdleTaskStkLimit                   0x0800b5f0   Data           4  os_cfg_app.o(.constdata)
    OSCfg_IdleTaskStkSize                    0x0800b5f4   Data           4  os_cfg_app.o(.constdata)
    OSCfg_IdleTaskStkSizeRAM                 0x0800b5f8   Data           4  os_cfg_app.o(.constdata)
    OSCfg_IntQBasePtr                        0x0800b5fc   Data           4  os_cfg_app.o(.constdata)
    OSCfg_IntQSizeRAM                        0x0800b600   Data           4  os_cfg_app.o(.constdata)
    OSCfg_IntQTaskStkBasePtr                 0x0800b604   Data           4  os_cfg_app.o(.constdata)
    OSCfg_IntQTaskStkLimit                   0x0800b608   Data           4  os_cfg_app.o(.constdata)
    OSCfg_IntQTaskStkSize                    0x0800b60c   Data           4  os_cfg_app.o(.constdata)
    OSCfg_IntQTaskStkSizeRAM                 0x0800b610   Data           4  os_cfg_app.o(.constdata)
    OSCfg_ISRStkBasePtr                      0x0800b614   Data           4  os_cfg_app.o(.constdata)
    OSCfg_ISRStkSize                         0x0800b618   Data           4  os_cfg_app.o(.constdata)
    OSCfg_ISRStkSizeRAM                      0x0800b61c   Data           4  os_cfg_app.o(.constdata)
    OSCfg_MsgPoolSizeRAM                     0x0800b620   Data           4  os_cfg_app.o(.constdata)
    OSCfg_MsgPoolBasePtr                     0x0800b624   Data           4  os_cfg_app.o(.constdata)
    OSCfg_StkSizeMin                         0x0800b628   Data           4  os_cfg_app.o(.constdata)
    OSCfg_TickRate_Hz                        0x0800b62c   Data           4  os_cfg_app.o(.constdata)
    OSCfg_TickTaskStkBasePtr                 0x0800b630   Data           4  os_cfg_app.o(.constdata)
    OSCfg_TickTaskStkLimit                   0x0800b634   Data           4  os_cfg_app.o(.constdata)
    OSCfg_TickTaskStkSize                    0x0800b638   Data           4  os_cfg_app.o(.constdata)
    OSCfg_TickTaskStkSizeRAM                 0x0800b63c   Data           4  os_cfg_app.o(.constdata)
    OSCfg_TickWheelSizeRAM                   0x0800b640   Data           4  os_cfg_app.o(.constdata)
    OSCfg_TmrTaskRate_Hz                     0x0800b644   Data           4  os_cfg_app.o(.constdata)
    OSCfg_TmrTaskStkBasePtr                  0x0800b648   Data           4  os_cfg_app.o(.constdata)
    OSCfg_TmrTaskStkLimit                    0x0800b64c   Data           4  os_cfg_app.o(.constdata)
    OSCfg_TmrTaskStkSize                     0x0800b650   Data           4  os_cfg_app.o(.constdata)
    OSCfg_TmrTaskStkSizeRAM                  0x0800b654   Data           4  os_cfg_app.o(.constdata)
    OSCfg_TmrWheelSizeRAM                    0x0800b658   Data           4  os_cfg_app.o(.constdata)
    OSCfg_DataSizeRAM                        0x0800b65c   Data           4  os_cfg_app.o(.constdata)
    Region$$Table$$Base                      0x0800b6e0   Number         0  anon$$obj.o(Region$$Table)
    Region$$Table$$Limit                     0x0800b700   Number         0  anon$$obj.o(Region$$Table)
    __ctype                                  0x0800b70d   Data           0  lc_ctype_c.o(locale$$data)
    cardNum                                  0x20000004   Data           4  main.o(.data)
    card_numberbuf                           0x20000015   Data           5  main.o(.data)
    SystemCoreClock                          0x20000030   Data           4  system_stm32f4xx.o(.data)
    AHBPrescTable                            0x20000034   Data          16  system_stm32f4xx.o(.data)
    g_count                                  0x2000004c   Data           4  ble.o(.data)
    Hzk                                      0x20000080   Data         256  oled.o(.data)
    __stdout                                 0x20000194   Data           4  usart.o(.data)
    CPU_TS_TmrFreq_Hz                        0x200001ac   Data           4  cpu_core.o(.data)
    Mem_PoolTbl                              0x200001b0   Data           4  lib_mem.o(.data)
    OSPrioTbl                                0x200001b4   Data           8  os_prio.o(.data)
    OS_AppTaskCreateHookPtr                  0x200001bc   Data           4  os_var.o(.data)
    OS_AppTaskDelHookPtr                     0x200001c0   Data           4  os_var.o(.data)
    OS_AppTaskReturnHookPtr                  0x200001c4   Data           4  os_var.o(.data)
    OS_AppIdleTaskHookPtr                    0x200001c8   Data           4  os_var.o(.data)
    OS_AppStatTaskHookPtr                    0x200001cc   Data           4  os_var.o(.data)
    OS_AppTaskSwHookPtr                      0x200001d0   Data           4  os_var.o(.data)
    OS_AppTimeTickHookPtr                    0x200001d4   Data           4  os_var.o(.data)
    OSIdleTaskCtr                            0x200001d8   Data           4  os_var.o(.data)
    OSIntNestingCtr                          0x200001dc   Data           1  os_var.o(.data)
    OSRunning                                0x200001dd   Data           1  os_var.o(.data)
    OSIntQInPtr                              0x200001e0   Data           4  os_var.o(.data)
    OSIntQOutPtr                             0x200001e4   Data           4  os_var.o(.data)
    OSIntQNbrEntries                         0x200001e8   Data           2  os_var.o(.data)
    OSIntQNbrEntriesMax                      0x200001ea   Data           2  os_var.o(.data)
    OSIntQOvfCtr                             0x200001ec   Data           2  os_var.o(.data)
    OSIntQTaskTimeMax                        0x200001f0   Data           4  os_var.o(.data)
    OSFlagDbgListPtr                         0x200001f4   Data           4  os_var.o(.data)
    OSFlagQty                                0x200001f8   Data           2  os_var.o(.data)
    OSMemDbgListPtr                          0x200001fc   Data           4  os_var.o(.data)
    OSMemQty                                 0x20000200   Data           2  os_var.o(.data)
    OSMutexDbgListPtr                        0x20000204   Data           4  os_var.o(.data)
    OSMutexQty                               0x20000208   Data           2  os_var.o(.data)
    OSPrioCur                                0x2000020a   Data           1  os_var.o(.data)
    OSPrioHighRdy                            0x2000020b   Data           1  os_var.o(.data)
    OSPrioSaved                              0x2000020c   Data           1  os_var.o(.data)
    OSQDbgListPtr                            0x20000210   Data           4  os_var.o(.data)
    OSQQty                                   0x20000214   Data           2  os_var.o(.data)
    OSSchedLockTimeBegin                     0x20000218   Data           4  os_var.o(.data)
    OSSchedLockTimeMax                       0x2000021c   Data           4  os_var.o(.data)
    OSSchedLockTimeMaxCur                    0x20000220   Data           4  os_var.o(.data)
    OSSchedLockNestingCtr                    0x20000224   Data           1  os_var.o(.data)
    OSSemDbgListPtr                          0x20000228   Data           4  os_var.o(.data)
    OSSemQty                                 0x2000022c   Data           2  os_var.o(.data)
    OSTaskCtxSwCtr                           0x20000230   Data           4  os_var.o(.data)
    OSTaskDbgListPtr                         0x20000234   Data           4  os_var.o(.data)
    OSTaskQty                                0x20000238   Data           2  os_var.o(.data)
    OSTaskRegNextAvailID                     0x2000023a   Data           1  os_var.o(.data)
    OSTickCtr                                0x2000023c   Data           4  os_var.o(.data)
    OSTickTaskTimeMax                        0x20000240   Data           4  os_var.o(.data)
    OSTmrDbgListPtr                          0x20000244   Data           4  os_var.o(.data)
    OSTmrQty                                 0x20000248   Data           2  os_var.o(.data)
    OSTmrTaskTimeMax                         0x2000024c   Data           4  os_var.o(.data)
    OSTmrTickCtr                             0x20000250   Data           4  os_var.o(.data)
    OSTmrUpdateCnt                           0x20000254   Data           4  os_var.o(.data)
    OSTmrUpdateCtr                           0x20000258   Data           4  os_var.o(.data)
    OSTCBCurPtr                              0x2000025c   Data           4  os_var.o(.data)
    OSTCBHighRdyPtr                          0x20000260   Data           4  os_var.o(.data)
    OS_CPU_ExceptStkBase                     0x20000264   Data           4  os_cpu_c.o(.data)
    cardId                                   0x2000026c   Data          50  main.o(.bss)
    Task1_TCB                                0x200002b4   Data         196  main.o(.bss)
    task1_stk                                0x20000378   Data        1024  main.o(.bss)
    Task2_TCB                                0x20000778   Data         196  main.o(.bss)
    task2_stk                                0x2000083c   Data         512  main.o(.bss)
    Task3_TCB                                0x20000a3c   Data         196  main.o(.bss)
    task3_stk                                0x20000b00   Data        1024  main.o(.bss)
    Task4_TCB                                0x20000f00   Data         196  main.o(.bss)
    task4_stk                                0x20000fc4   Data        1024  main.o(.bss)
    Task5_TCB                                0x200013c4   Data         196  main.o(.bss)
    Task6_TCB                                0x20001488   Data         196  main.o(.bss)
    task6_stk                                0x2000154c   Data        1024  main.o(.bss)
    Task7_TCB                                0x2000194c   Data         196  main.o(.bss)
    task7_stk                                0x20001a10   Data         512  main.o(.bss)
    g_queue                                  0x20001c10   Data          48  main.o(.bss)
    card_queue                               0x20001c40   Data          48  main.o(.bss)
    id_queue                                 0x20001c70   Data          48  main.o(.bss)
    myFlag                                   0x20001ca0   Data          40  main.o(.bss)
    print_mutex                              0x20001cc8   Data          44  main.o(.bss)
    ble_mutex                                0x20001cf4   Data          44  main.o(.bss)
    flash_mutex                              0x20001d20   Data          44  main.o(.bss)
    g_buf                                    0x20001d4c   Data          64  ble.o(.bss)
    CPU_Name                                 0x20001dc8   Data          16  cpu_core.o(.bss)
    Mem_PoolHeap                             0x20001dd8   Data          72  lib_mem.o(.bss)
    Mem_Heap                                 0x20001e20   Data        1024  lib_mem.o(.bss)
    OSCfg_IdleTaskStk                        0x20002220   Data         512  os_cfg_app.o(.bss)
    OSCfg_IntQ                               0x20002420   Data         320  os_cfg_app.o(.bss)
    OSCfg_IntQTaskStk                        0x20002560   Data         512  os_cfg_app.o(.bss)
    OSCfg_ISRStk                             0x20002760   Data         512  os_cfg_app.o(.bss)
    OSCfg_MsgPool                            0x20002960   Data        1600  os_cfg_app.o(.bss)
    OSCfg_TickTaskStk                        0x20002fa0   Data         512  os_cfg_app.o(.bss)
    OSCfg_TickWheel                          0x200031a0   Data         136  os_cfg_app.o(.bss)
    OSCfg_TmrTaskStk                         0x20003228   Data         512  os_cfg_app.o(.bss)
    OSCfg_TmrWheel                           0x20003428   Data         136  os_cfg_app.o(.bss)
    OSIdleTaskTCB                            0x200034b0   Data         196  os_var.o(.bss)
    OSIntQTaskTCB                            0x20003574   Data         196  os_var.o(.bss)
    OSMsgPool                                0x20003638   Data          12  os_var.o(.bss)
    OSRdyList                                0x20003644   Data         768  os_var.o(.bss)
    OSTickTaskTCB                            0x20003944   Data         196  os_var.o(.bss)
    OSTmrTaskTCB                             0x20003a08   Data         196  os_var.o(.bss)
    __libspace_start                         0x20003acc   Data          96  libspace.o(.bss)
    __temporary_stack_top$libspace           0x20003b2c   Data           0  libspace.o(.bss)



==============================================================================

Memory Map of the image

  Image Entry point : 0x08000189

  Load Region LR_IROM1 (Base: 0x08000000, Size: 0x0000ba7c, Max: 0x00100000, ABSOLUTE, COMPRESSED[0x0000b8ac])

    Execution Region ER_IROM1 (Base: 0x08000000, Size: 0x0000b810, Max: 0x00100000, ABSOLUTE)

    Base Addr    Size         Type   Attr      Idx    E Section Name        Object

    0x08000000   0x00000188   Data   RO          523    RESET               startup_stm32f40_41xxx.o
    0x08000188   0x00000008   Code   RO         1456  * !!!main             c_w.l(__main.o)
    0x08000190   0x00000034   Code   RO         1666    !!!scatter          c_w.l(__scatter.o)
    0x080001c4   0x0000005a   Code   RO         1664    !!dczerorl2         c_w.l(__dczerorl2.o)
    0x0800021e   0x00000002   PAD
    0x08000220   0x0000001c   Code   RO         1668    !!handler_zi        c_w.l(__scatter_zi.o)
    0x0800023c   0x00000000   Code   RO         1440    .ARM.Collect$$_printf_percent$$00000000  c_w.l(_printf_percent.o)
    0x0800023c   0x00000006   Code   RO         1439    .ARM.Collect$$_printf_percent$$00000009  c_w.l(_printf_d.o)
    0x08000242   0x00000006   Code   RO         1438    .ARM.Collect$$_printf_percent$$0000000C  c_w.l(_printf_x.o)
    0x08000248   0x00000006   Code   RO         1436    .ARM.Collect$$_printf_percent$$00000013  c_w.l(_printf_c.o)
    0x0800024e   0x00000006   Code   RO         1437    .ARM.Collect$$_printf_percent$$00000014  c_w.l(_printf_s.o)
    0x08000254   0x00000004   Code   RO         1480    .ARM.Collect$$_printf_percent$$00000017  c_w.l(_printf_percent_end.o)
    0x08000258   0x00000002   Code   RO         1542    .ARM.Collect$$libinit$$00000000  c_w.l(libinit.o)
    0x0800025a   0x00000004   Code   RO         1551    .ARM.Collect$$libinit$$00000001  c_w.l(libinit2.o)
    0x0800025e   0x00000000   Code   RO         1554    .ARM.Collect$$libinit$$00000004  c_w.l(libinit2.o)
    0x0800025e   0x00000000   Code   RO         1557    .ARM.Collect$$libinit$$0000000A  c_w.l(libinit2.o)
    0x0800025e   0x00000000   Code   RO         1559    .ARM.Collect$$libinit$$0000000C  c_w.l(libinit2.o)
    0x0800025e   0x00000000   Code   RO         1561    .ARM.Collect$$libinit$$0000000E  c_w.l(libinit2.o)
    0x0800025e   0x00000006   Code   RO         1562    .ARM.Collect$$libinit$$0000000F  c_w.l(libinit2.o)
    0x08000264   0x00000000   Code   RO         1564    .ARM.Collect$$libinit$$00000011  c_w.l(libinit2.o)
    0x08000264   0x0000000c   Code   RO         1565    .ARM.Collect$$libinit$$00000012  c_w.l(libinit2.o)
    0x08000270   0x00000000   Code   RO         1566    .ARM.Collect$$libinit$$00000013  c_w.l(libinit2.o)
    0x08000270   0x00000000   Code   RO         1568    .ARM.Collect$$libinit$$00000015  c_w.l(libinit2.o)
    0x08000270   0x00000000   Code   RO         1570    .ARM.Collect$$libinit$$00000017  c_w.l(libinit2.o)
    0x08000270   0x00000000   Code   RO         1572    .ARM.Collect$$libinit$$00000019  c_w.l(libinit2.o)
    0x08000270   0x00000000   Code   RO         1574    .ARM.Collect$$libinit$$0000001B  c_w.l(libinit2.o)
    0x08000270   0x00000000   Code   RO         1576    .ARM.Collect$$libinit$$0000001D  c_w.l(libinit2.o)
    0x08000270   0x00000000   Code   RO         1578    .ARM.Collect$$libinit$$0000001F  c_w.l(libinit2.o)
    0x08000270   0x00000000   Code   RO         1580    .ARM.Collect$$libinit$$00000021  c_w.l(libinit2.o)
    0x08000270   0x00000000   Code   RO         1582    .ARM.Collect$$libinit$$00000023  c_w.l(libinit2.o)
    0x08000270   0x00000000   Code   RO         1584    .ARM.Collect$$libinit$$00000025  c_w.l(libinit2.o)
    0x08000270   0x00000000   Code   RO         1588    .ARM.Collect$$libinit$$0000002C  c_w.l(libinit2.o)
    0x08000270   0x00000000   Code   RO         1590    .ARM.Collect$$libinit$$0000002E  c_w.l(libinit2.o)
    0x08000270   0x00000000   Code   RO         1592    .ARM.Collect$$libinit$$00000030  c_w.l(libinit2.o)
    0x08000270   0x00000000   Code   RO         1594    .ARM.Collect$$libinit$$00000032  c_w.l(libinit2.o)
    0x08000270   0x00000002   Code   RO         1595    .ARM.Collect$$libinit$$00000033  c_w.l(libinit2.o)
    0x08000272   0x00000002   Code   RO         1621    .ARM.Collect$$libshutdown$$00000000  c_w.l(libshutdown.o)
    0x08000274   0x00000000   Code   RO         1649    .ARM.Collect$$libshutdown$$00000003  c_w.l(libshutdown2.o)
    0x08000274   0x00000000   Code   RO         1652    .ARM.Collect$$libshutdown$$00000006  c_w.l(libshutdown2.o)
    0x08000274   0x00000000   Code   RO         1655    .ARM.Collect$$libshutdown$$00000009  c_w.l(libshutdown2.o)
    0x08000274   0x00000000   Code   RO         1657    .ARM.Collect$$libshutdown$$0000000B  c_w.l(libshutdown2.o)
    0x08000274   0x00000000   Code   RO         1660    .ARM.Collect$$libshutdown$$0000000E  c_w.l(libshutdown2.o)
    0x08000274   0x00000002   Code   RO         1661    .ARM.Collect$$libshutdown$$0000000F  c_w.l(libshutdown2.o)
    0x08000276   0x00000000   Code   RO         1460    .ARM.Collect$$rtentry$$00000000  c_w.l(__rtentry.o)
    0x08000276   0x00000000   Code   RO         1489    .ARM.Collect$$rtentry$$00000002  c_w.l(__rtentry2.o)
    0x08000276   0x00000006   Code   RO         1501    .ARM.Collect$$rtentry$$00000004  c_w.l(__rtentry4.o)
    0x0800027c   0x00000000   Code   RO         1491    .ARM.Collect$$rtentry$$00000009  c_w.l(__rtentry2.o)
    0x0800027c   0x00000004   Code   RO         1492    .ARM.Collect$$rtentry$$0000000A  c_w.l(__rtentry2.o)
    0x08000280   0x00000000   Code   RO         1494    .ARM.Collect$$rtentry$$0000000C  c_w.l(__rtentry2.o)
    0x08000280   0x00000008   Code   RO         1495    .ARM.Collect$$rtentry$$0000000D  c_w.l(__rtentry2.o)
    0x08000288   0x00000002   Code   RO         1543    .ARM.Collect$$rtexit$$00000000  c_w.l(rtexit.o)
    0x0800028a   0x00000000   Code   RO         1597    .ARM.Collect$$rtexit$$00000002  c_w.l(rtexit2.o)
    0x0800028a   0x00000004   Code   RO         1598    .ARM.Collect$$rtexit$$00000003  c_w.l(rtexit2.o)
    0x0800028e   0x00000006   Code   RO         1599    .ARM.Collect$$rtexit$$00000004  c_w.l(rtexit2.o)
    0x08000294   0x00000804   Code   RO            3    .text               main.o
    0x08000a98   0x0000000e   Code   RO          252    .text               stm32f4xx_it.o
    0x08000aa6   0x00000002   PAD
    0x08000aa8   0x0000017c   Code   RO          301    .text               system_stm32f4xx.o
    0x08000c24   0x00000178   Code   RO          327    .text               dht11.o
    0x08000d9c   0x0000003c   Code   RO          353    .text               led.o
    0x08000dd8   0x0000013c   Code   RO          373    .text               ble.o
    0x08000f14   0x0000058c   Code   RO          401    .text               mfrc522.o
    0x080014a0   0x000000d4   Code   RO          440    .text               beep.o
    0x08001574   0x000001b0   Code   RO          463    .text               keyboard.o
    0x08001724   0x000005d8   Code   RO          485    .text               oled.o
    0x08001cfc   0x00000040   Code   RO          524    .text               startup_stm32f40_41xxx.o
    0x08001d3c   0x000000b0   Code   RO          530    .text               misc.o
    0x08001dec   0x0000020c   Code   RO          550    .text               stm32f4xx_gpio.o
    0x08001ff8   0x00000480   Code   RO          570    .text               stm32f4xx_rcc.o
    0x08002478   0x00000358   Code   RO          612    .text               stm32f4xx_usart.o
    0x080027d0   0x000009dc   Code   RO          655    .text               stm32f4xx_tim.o
    0x080031ac   0x00000a4c   Code   RO          696    .text               stm32f4xx_rtc.o
    0x08003bf8   0x00000128   Code   RO          717    .text               stm32f4xx_pwr.o
    0x08003d20   0x000000e0   Code   RO          737    .text               stm32f4xx_exti.o
    0x08003e00   0x000004e8   Code   RO          757    .text               stm32f4xx_flash.o
    0x080042e8   0x000000fc   Code   RO          778    .text               delay.o
    0x080043e4   0x000000f0   Code   RO          818    .text               usart.o
    0x080044d4   0x00000224   Code   RO          845    .text               rtc.o
    0x080046f8   0x00000208   Code   RO          869    .text               flash.o
    0x08004900   0x00000068   Code   RO          890    .text               bsp.o
    0x08004968   0x000001bc   Code   RO          924    .text               cpu_core.o
    0x08004b24   0x00000034   Code   RO          952    .text               cpu_a.o
    0x08004b58   0x0000015a   Code   RO          955    .text               lib_ascii.o
    0x08004cb2   0x00000002   PAD
    0x08004cb4   0x00000668   Code   RO          990    .text               lib_mem.o
    0x0800531c   0x000005a8   Code   RO         1009    .text               lib_str.o
    0x080058c4   0x00000220   Code   RO         1027    .text               lib_mem_a.o
    0x08005ae4   0x00000002   Code   RO         1030    .text               os_cfg_app.o
    0x08005ae6   0x00000002   PAD
    0x08005ae8   0x00000988   Code   RO         1067    .text               os_core.o
    0x08006470   0x00000002   Code   RO         1080    .text               os_dbg.o
    0x08006472   0x00000002   PAD
    0x08006474   0x00000768   Code   RO         1096    .text               os_flag.o
    0x08006bdc   0x00000310   Code   RO         1109    .text               os_int.o
    0x08006eec   0x00000174   Code   RO         1121    .text               os_mem.o
    0x08007060   0x00000188   Code   RO         1133    .text               os_msg.o
    0x080071e8   0x000006e4   Code   RO         1145    .text               os_mutex.o
    0x080078cc   0x00000070   Code   RO         1164    .text               os_prio.o
    0x0800793c   0x00000610   Code   RO         1183    .text               os_q.o
    0x08007f4c   0x00000554   Code   RO         1196    .text               os_sem.o
    0x080084a0   0x00000ed4   Code   RO         1215    .text               os_task.o
    0x08009374   0x00000350   Code   RO         1227    .text               os_tick.o
    0x080096c4   0x00000310   Code   RO         1240    .text               os_time.o
    0x080099d4   0x0000065c   Code   RO         1252    .text               os_tmr.o
    0x0800a030   0x00000260   Code   RO         1331    .text               os_cpu_c.o
    0x0800a290   0x00000002   Code   RO         1375    .text               c_w.l(use_no_semi_2.o)
    0x0800a292   0x000000ee   Code   RO         1377    .text               c_w.l(lludivv7m.o)
    0x0800a380   0x00000018   Code   RO         1383    .text               c_w.l(noretval__2printf.o)
    0x0800a398   0x00000028   Code   RO         1385    .text               c_w.l(noretval__2sprintf.o)
    0x0800a3c0   0x0000004e   Code   RO         1389    .text               c_w.l(_printf_pad.o)
    0x0800a40e   0x00000052   Code   RO         1391    .text               c_w.l(_printf_str.o)
    0x0800a460   0x00000078   Code   RO         1393    .text               c_w.l(_printf_dec.o)
    0x0800a4d8   0x00000058   Code   RO         1398    .text               c_w.l(_printf_hex_int.o)
    0x0800a530   0x00000138   Code   RO         1428    .text               c_w.l(__printf_flags_wp.o)
    0x0800a668   0x0000001a   Code   RO         1441    .text               c_w.l(atoi.o)
    0x0800a682   0x00000002   PAD
    0x0800a684   0x0000000c   Code   RO         1443    .text               c_w.l(strtok.o)
    0x0800a690   0x00000024   Code   RO         1446    .text               c_w.l(strstr.o)
    0x0800a6b4   0x00000044   Code   RO         1448    .text               c_w.l(rt_memclr.o)
    0x0800a6f8   0x0000004e   Code   RO         1450    .text               c_w.l(rt_memclr_w.o)
    0x0800a746   0x00000002   PAD
    0x0800a748   0x00000080   Code   RO         1452    .text               c_w.l(strcmpv7m.o)
    0x0800a7c8   0x00000006   Code   RO         1454    .text               c_w.l(heapauxi.o)
    0x0800a7ce   0x00000002   Code   RO         1458    .text               c_w.l(use_no_semi.o)
    0x0800a7d0   0x00000008   Code   RO         1468    .text               c_w.l(rt_errno_addr_intlibspace.o)
    0x0800a7d8   0x000000b2   Code   RO         1470    .text               c_w.l(_printf_intcommon.o)
    0x0800a88a   0x00000002   PAD
    0x0800a88c   0x00000030   Code   RO         1472    .text               c_w.l(_printf_char_common.o)
    0x0800a8bc   0x0000000a   Code   RO         1474    .text               c_w.l(_sputc.o)
    0x0800a8c6   0x0000002c   Code   RO         1476    .text               c_w.l(_printf_char.o)
    0x0800a8f2   0x00000002   PAD
    0x0800a8f4   0x00000024   Code   RO         1478    .text               c_w.l(_printf_char_file.o)
    0x0800a918   0x00000070   Code   RO         1481    .text               c_w.l(strtol.o)
    0x0800a988   0x00000044   Code   RO         1483    .text               c_w.l(strtok_int.o)
    0x0800a9cc   0x00000008   Code   RO         1485    .text               c_w.l(libspace.o)
    0x0800a9d4   0x00000010   Code   RO         1503    .text               c_w.l(rt_ctype_table.o)
    0x0800a9e4   0x0000009e   Code   RO         1509    .text               c_w.l(_strtoul.o)
    0x0800aa82   0x00000008   Code   RO         1511    .text               c_w.l(ferror.o)
    0x0800aa8a   0x00000020   Code   RO         1515    .text               c_w.l(strcspn.o)
    0x0800aaaa   0x0000001c   Code   RO         1517    .text               c_w.l(strspn.o)
    0x0800aac6   0x0000004a   Code   RO         1519    .text               c_w.l(sys_stackheap_outer.o)
    0x0800ab10   0x00000008   Code   RO         1524    .text               c_w.l(rt_locale_intlibspace.o)
    0x0800ab18   0x0000001c   Code   RO         1526    .text               c_w.l(_chval.o)
    0x0800ab34   0x0000000c   Code   RO         1531    .text               c_w.l(exit.o)
    0x0800ab40   0x000000ac   Code   RO         1355    CODE                os_cpu_a.o
    0x0800abec   0x0000000e   Code   RO         1426    i._is_digit         c_w.l(__printf_wp.o)
    0x0800abfa   0x00000002   PAD
    0x0800abfc   0x0000002c   Code   RO         1529    locale$$code        c_w.l(lc_ctype_c.o)
    0x0800ac28   0x0000000a   Code   RO         1609    x$fpl$fpinit        fz_wm.l(fpinit.o)
    0x0800ac32   0x00000818   Data   RO          486    .constdata          oled.o
    0x0800b44a   0x00000100   Data   RO          926    .constdata          cpu_core.o
    0x0800b54a   0x00000002   PAD
    0x0800b54c   0x00000094   Data   RO         1010    .constdata          lib_str.o
    0x0800b5e0   0x00000080   Data   RO         1040    .constdata          os_cfg_app.o
    0x0800b660   0x00000028   Data   RO         1399    .constdata          c_w.l(_printf_hex_int.o)
    0x0800b688   0x00000011   Data   RO         1429    .constdata          c_w.l(__printf_flags_wp.o)
    0x0800b699   0x00000003   PAD
    0x0800b69c   0x00000043   Data   RO            7    .conststring        main.o
    0x0800b6df   0x00000001   PAD
    0x0800b6e0   0x00000020   Data   RO         1662    Region$$Table       anon$$obj.o
    0x0800b700   0x00000110   Data   RO         1528    locale$$data        c_w.l(lc_ctype_c.o)


    Execution Region RW_IRAM1 (Base: 0x20000000, Size: 0x00009b30, Max: 0x00020000, ABSOLUTE, COMPRESSED[0x0000009c])

    Base Addr    Size         Type   Attr      Idx    E Section Name        Object

    0x20000000   0x00000030   Data   RW            8    .data               main.o
    0x20000030   0x00000014   Data   RW          302    .data               system_stm32f4xx.o
    0x20000044   0x00000008   Data   RW          328    .data               dht11.o
    0x2000004c   0x00000010   Data   RW          375    .data               ble.o
    0x2000005c   0x00000008   Data   RW          406    .data               mfrc522.o
    0x20000064   0x0000000c   Data   RW          442    .data               beep.o
    0x20000070   0x00000008   Data   RW          464    .data               keyboard.o
    0x20000078   0x00000108   Data   RW          487    .data               oled.o
    0x20000180   0x00000010   Data   RW          571    .data               stm32f4xx_rcc.o
    0x20000190   0x00000004   Data   RW          779    .data               delay.o
    0x20000194   0x00000004   Data   RW          819    .data               usart.o
    0x20000198   0x00000014   Data   RW          847    .data               rtc.o
    0x200001ac   0x00000004   Data   RW          928    .data               cpu_core.o
    0x200001b0   0x00000004   Data   RW          992    .data               lib_mem.o
    0x200001b4   0x00000008   Data   RW         1165    .data               os_prio.o
    0x200001bc   0x00000004   Data   RW         1270    .data               os_var.o
    0x200001c0   0x00000004   Data   RW         1271    .data               os_var.o
    0x200001c4   0x00000004   Data   RW         1272    .data               os_var.o
    0x200001c8   0x00000004   Data   RW         1273    .data               os_var.o
    0x200001cc   0x00000004   Data   RW         1274    .data               os_var.o
    0x200001d0   0x00000004   Data   RW         1275    .data               os_var.o
    0x200001d4   0x00000004   Data   RW         1276    .data               os_var.o
    0x200001d8   0x00000004   Data   RW         1277    .data               os_var.o
    0x200001dc   0x00000001   Data   RW         1278    .data               os_var.o
    0x200001dd   0x00000001   Data   RW         1279    .data               os_var.o
    0x200001de   0x00000002   PAD
    0x200001e0   0x00000004   Data   RW         1280    .data               os_var.o
    0x200001e4   0x00000004   Data   RW         1281    .data               os_var.o
    0x200001e8   0x00000002   Data   RW         1282    .data               os_var.o
    0x200001ea   0x00000002   Data   RW         1283    .data               os_var.o
    0x200001ec   0x00000002   Data   RW         1284    .data               os_var.o
    0x200001ee   0x00000002   PAD
    0x200001f0   0x00000004   Data   RW         1285    .data               os_var.o
    0x200001f4   0x00000004   Data   RW         1286    .data               os_var.o
    0x200001f8   0x00000002   Data   RW         1287    .data               os_var.o
    0x200001fa   0x00000002   PAD
    0x200001fc   0x00000004   Data   RW         1288    .data               os_var.o
    0x20000200   0x00000002   Data   RW         1289    .data               os_var.o
    0x20000202   0x00000002   PAD
    0x20000204   0x00000004   Data   RW         1290    .data               os_var.o
    0x20000208   0x00000002   Data   RW         1291    .data               os_var.o
    0x2000020a   0x00000001   Data   RW         1292    .data               os_var.o
    0x2000020b   0x00000001   Data   RW         1293    .data               os_var.o
    0x2000020c   0x00000001   Data   RW         1294    .data               os_var.o
    0x2000020d   0x00000003   PAD
    0x20000210   0x00000004   Data   RW         1295    .data               os_var.o
    0x20000214   0x00000002   Data   RW         1296    .data               os_var.o
    0x20000216   0x00000002   PAD
    0x20000218   0x00000004   Data   RW         1297    .data               os_var.o
    0x2000021c   0x00000004   Data   RW         1298    .data               os_var.o
    0x20000220   0x00000004   Data   RW         1299    .data               os_var.o
    0x20000224   0x00000001   Data   RW         1300    .data               os_var.o
    0x20000225   0x00000003   PAD
    0x20000228   0x00000004   Data   RW         1301    .data               os_var.o
    0x2000022c   0x00000002   Data   RW         1302    .data               os_var.o
    0x2000022e   0x00000002   PAD
    0x20000230   0x00000004   Data   RW         1303    .data               os_var.o
    0x20000234   0x00000004   Data   RW         1304    .data               os_var.o
    0x20000238   0x00000002   Data   RW         1305    .data               os_var.o
    0x2000023a   0x00000001   Data   RW         1306    .data               os_var.o
    0x2000023b   0x00000001   PAD
    0x2000023c   0x00000004   Data   RW         1307    .data               os_var.o
    0x20000240   0x00000004   Data   RW         1308    .data               os_var.o
    0x20000244   0x00000004   Data   RW         1309    .data               os_var.o
    0x20000248   0x00000002   Data   RW         1310    .data               os_var.o
    0x2000024a   0x00000002   PAD
    0x2000024c   0x00000004   Data   RW         1311    .data               os_var.o
    0x20000250   0x00000004   Data   RW         1312    .data               os_var.o
    0x20000254   0x00000004   Data   RW         1313    .data               os_var.o
    0x20000258   0x00000004   Data   RW         1314    .data               os_var.o
    0x2000025c   0x00000004   Data   RW         1315    .data               os_var.o
    0x20000260   0x00000004   Data   RW         1316    .data               os_var.o
    0x20000264   0x00000004   Data   RW         1332    .data               os_cpu_c.o
    0x20000268   0x00000004   Data   RW         1444    .data               c_w.l(strtok.o)
    0x2000026c   0x00000032   Zero   RW            4    .bss                main.o
    0x2000029e   0x00000002   PAD
    0x200002a0   0x00001aac   Zero   RW            5    .bss                main.o
    0x20001d4c   0x00000050   Zero   RW          374    .bss                ble.o
    0x20001d9c   0x00000020   Zero   RW          441    .bss                beep.o
    0x20001dbc   0x0000000c   Zero   RW          846    .bss                rtc.o
    0x20001dc8   0x00000010   Zero   RW          925    .bss                cpu_core.o
    0x20001dd8   0x00000448   Zero   RW          991    .bss                lib_mem.o
    0x20002220   0x00000200   Zero   RW         1031    .bss                os_cfg_app.o
    0x20002420   0x00000140   Zero   RW         1032    .bss                os_cfg_app.o
    0x20002560   0x00000200   Zero   RW         1033    .bss                os_cfg_app.o
    0x20002760   0x00000200   Zero   RW         1034    .bss                os_cfg_app.o
    0x20002960   0x00000640   Zero   RW         1035    .bss                os_cfg_app.o
    0x20002fa0   0x00000200   Zero   RW         1036    .bss                os_cfg_app.o
    0x200031a0   0x00000088   Zero   RW         1037    .bss                os_cfg_app.o
    0x20003228   0x00000200   Zero   RW         1038    .bss                os_cfg_app.o
    0x20003428   0x00000088   Zero   RW         1039    .bss                os_cfg_app.o
    0x200034b0   0x000000c4   Zero   RW         1264    .bss                os_var.o
    0x20003574   0x000000c4   Zero   RW         1265    .bss                os_var.o
    0x20003638   0x0000000c   Zero   RW         1266    .bss                os_var.o
    0x20003644   0x00000300   Zero   RW         1267    .bss                os_var.o
    0x20003944   0x000000c4   Zero   RW         1268    .bss                os_var.o
    0x20003a08   0x000000c4   Zero   RW         1269    .bss                os_var.o
    0x20003acc   0x00000060   Zero   RW         1486    .bss                c_w.l(libspace.o)
    0x20003b2c   0x00000004   PAD
    0x20003b30   0x00002000   Zero   RW          522    HEAP                startup_stm32f40_41xxx.o
    0x20005b30   0x00004000   Zero   RW          521    STACK               startup_stm32f40_41xxx.o


==============================================================================

Image component sizes


      Code (inc. data)   RO Data    RW Data    ZI Data      Debug   Object Name

       212         18          0         12         32       1088   beep.o
       316         20          0         16         80       1656   ble.o
       104         14          0          0          0       1781   bsp.o
        52          0          0          0          0        332   cpu_a.o
       444         12        256          4         16      13989   cpu_core.o
       252         28          0          4          0       1353   delay.o
       376         14          0          8          0       1745   dht11.o
       520         42          0          0          0       2499   flash.o
       432         22          0          8          0       1559   keyboard.o
        60          4          0          0          0        527   led.o
       346          0          0          0          0       4094   lib_ascii.o
      1640         26          0          4       1096      18636   lib_mem.o
       544          0          0          0          0        476   lib_mem_a.o
      1448          4        148          0          0       8988   lib_str.o
      2052        524         67         48       6878     351505   main.o
      1420         12          0          8          0       6281   mfrc522.o
       176         12          0          0          0       1901   misc.o
      1496         50       2072        264          0       6621   oled.o
         2          0        128          0       4752      20269   os_cfg_app.o
      2440        216          0          0          0       9748   os_core.o
       172         32          0          0          0        396   os_cpu_a.o
       608         66          0          4          0       3773   os_cpu_c.o
         2          0          0          0          0        506   os_dbg.o
      1896         80          0          0          0       5761   os_flag.o
       784        144          0          0          0       2092   os_int.o
       372         20          0          0          0       2228   os_mem.o
       392         14          0          0          0       2483   os_msg.o
      1764         92          0          0          0       4456   os_mutex.o
       112          6          0          8          0       1804   os_prio.o
      1552         66          0          0          0       4954   os_q.o
      1364         58          0          0          0       4794   os_sem.o
      3796        210          0          0          0      10466   os_task.o
       848         82          0          0          0       3063   os_tick.o
       784         42          0          0          0       2777   os_time.o
      1628        128          0          0          0       5410   os_tmr.o
         0          0          0        147       1564      18696   os_var.o
       548         34          0         20         12       2215   rtc.o
        64         26        392          0      24576        836   startup_stm32f40_41xxx.o
       224         10          0          0          0       2299   stm32f4xx_exti.o
      1256         26          0          0          0       8512   stm32f4xx_flash.o
       524         44          0          0          0       3877   stm32f4xx_gpio.o
        14          0          0          0          0       1019   stm32f4xx_it.o
       296         12          0          0          0       3431   stm32f4xx_pwr.o
      1152         48          0         16          0      11688   stm32f4xx_rcc.o
      2636         48          0          0          0      13954   stm32f4xx_rtc.o
      2524         52          0          0          0      18386   stm32f4xx_tim.o
       856         32          0          0          0       6860   stm32f4xx_usart.o
       380         36          0         20          0       1819   system_stm32f4xx.o
       240          8          0          4          0       3137   usart.o

    ----------------------------------------------------------------------
     41128       2434       3098        616      39008     606740   Object Totals
         0          0         32          0          0          0   (incl. Generated)
         8          0          3         21          2          0   (incl. Padding)

    ----------------------------------------------------------------------

      Code (inc. data)   RO Data    RW Data    ZI Data      Debug   Library Member Name

        90          0          0          0          0          0   __dczerorl2.o
         8          0          0          0          0         68   __main.o
       312          4         17          0          0         92   __printf_flags_wp.o
        14          0          0          0          0         68   __printf_wp.o
         0          0          0          0          0          0   __rtentry.o
        12          0          0          0          0          0   __rtentry2.o
         6          0          0          0          0          0   __rtentry4.o
        52          8          0          0          0          0   __scatter.o
        28          0          0          0          0          0   __scatter_zi.o
        28          0          0          0          0         68   _chval.o
         6          0          0          0          0          0   _printf_c.o
        44          0          0          0          0        108   _printf_char.o
        48          6          0          0          0         96   _printf_char_common.o
        36          4          0          0          0         80   _printf_char_file.o
         6          0          0          0          0          0   _printf_d.o
       120         16          0          0          0         92   _printf_dec.o
        88          4         40          0          0         88   _printf_hex_int.o
       178          0          0          0          0         88   _printf_intcommon.o
        78          0          0          0          0        108   _printf_pad.o
         0          0          0          0          0          0   _printf_percent.o
         4          0          0          0          0          0   _printf_percent_end.o
         6          0          0          0          0          0   _printf_s.o
        82          0          0          0          0         80   _printf_str.o
         6          0          0          0          0          0   _printf_x.o
        10          0          0          0          0         68   _sputc.o
       158          0          0          0          0         92   _strtoul.o
        26          0          0          0          0         80   atoi.o
        12          0          0          0          0         72   exit.o
         8          0          0          0          0         68   ferror.o
         6          0          0          0          0        152   heapauxi.o
        44         10        272          0          0         76   lc_ctype_c.o
         2          0          0          0          0          0   libinit.o
        24          0          0          0          0          0   libinit2.o
         2          0          0          0          0          0   libshutdown.o
         2          0          0          0          0          0   libshutdown2.o
         8          4          0          0         96         68   libspace.o
       238          0          0          0          0        100   lludivv7m.o
        24          4          0          0          0         84   noretval__2printf.o
        40          6          0          0          0         84   noretval__2sprintf.o
        16          4          0          0          0         76   rt_ctype_table.o
         8          4          0          0          0         68   rt_errno_addr_intlibspace.o
         8          4          0          0          0         68   rt_locale_intlibspace.o
        68          0          0          0          0         68   rt_memclr.o
        78          0          0          0          0         80   rt_memclr_w.o
         2          0          0          0          0          0   rtexit.o
        10          0          0          0          0          0   rtexit2.o
       128          0          0          0          0         68   strcmpv7m.o
        32          0          0          0          0         80   strcspn.o
        28          0          0          0          0         80   strspn.o
        36          0          0          0          0         80   strstr.o
        12          6          0          4          0         68   strtok.o
        68          4          0          0          0         84   strtok_int.o
       112          0          0          0          0         88   strtol.o
        74          0          0          0          0         80   sys_stackheap_outer.o
         2          0          0          0          0         68   use_no_semi.o
         2          0          0          0          0         68   use_no_semi_2.o
        10          0          0          0          0        116   fpinit.o

    ----------------------------------------------------------------------
      2562         88        332          4        100       3220   Library Totals
        12          0          3          0          4          0   (incl. Padding)

    ----------------------------------------------------------------------

      Code (inc. data)   RO Data    RW Data    ZI Data      Debug   Library Name

      2540         88        329          4         96       3104   c_w.l
        10          0          0          0          0        116   fz_wm.l

    ----------------------------------------------------------------------
      2562         88        332          4        100       3220   Library Totals

    ----------------------------------------------------------------------

==============================================================================


      Code (inc. data)   RO Data    RW Data    ZI Data      Debug   

     43690       2522       3430        620      39108     596992   Grand Totals
     43690       2522       3430        156      39108     596992   ELF Image Totals (compressed)
     43690       2522       3430        156          0          0   ROM Totals

==============================================================================

    Total RO  Size (Code + RO Data)                47120 (  46.02kB)
    Total RW  Size (RW Data + ZI Data)             39728 (  38.80kB)
    Total ROM Size (Code + RO Data + RW Data)      47276 (  46.17kB)

==============================================================================

